Component: ARM Compiler 5.06 update 2 (build 183) Tool: armlink [4d35b7]

==============================================================================

Section Cross References

    main.o(i.main) refers to at32_board.o(i.UART_Print_Init) for UART_Print_Init
    main.o(i.main) refers to printf1.o(i.__0printf$1) for __2printf
    main.o(i.main) refers to myadc.o(i.ADC_START) for ADC_START
    main.o(i.main) refers to myadc.o(.data) for ADCConvertedValue
    myadc.o(i.ADC_Configuration) refers to at32f4xx_adc.o(i.ADC_StructInit) for ADC_StructInit
    myadc.o(i.ADC_Configuration) refers to at32f4xx_adc.o(i.ADC_Init) for ADC_Init
    myadc.o(i.ADC_Configuration) refers to at32f4xx_adc.o(i.ADC_RegularChannelConfig) for ADC_RegularChannelConfig
    myadc.o(i.ADC_START) refers to myadc.o(i.RCC_Configuration) for RCC_Configuration
    myadc.o(i.ADC_START) refers to myadc.o(i.GPIO_Configuration) for GPIO_Configuration
    myadc.o(i.ADC_START) refers to myadc.o(i.DMA_Configuration) for DMA_Configuration
    myadc.o(i.ADC_START) refers to myadc.o(i.ADC_Configuration) for ADC_Configuration
    myadc.o(i.ADC_START) refers to at32f4xx_adc.o(i.ADC_DMACtrl) for ADC_DMACtrl
    myadc.o(i.ADC_START) refers to at32f4xx_adc.o(i.ADC_Ctrl) for ADC_Ctrl
    myadc.o(i.ADC_START) refers to at32f4xx_adc.o(i.ADC_RstCalibration) for ADC_RstCalibration
    myadc.o(i.ADC_START) refers to at32f4xx_adc.o(i.ADC_GetResetCalibrationStatus) for ADC_GetResetCalibrationStatus
    myadc.o(i.ADC_START) refers to at32f4xx_adc.o(i.ADC_StartCalibration) for ADC_StartCalibration
    myadc.o(i.ADC_START) refers to at32f4xx_adc.o(i.ADC_GetCalibrationStatus) for ADC_GetCalibrationStatus
    myadc.o(i.ADC_START) refers to at32f4xx_adc.o(i.ADC_SoftwareStartConvCtrl) for ADC_SoftwareStartConvCtrl
    myadc.o(i.DMA_Configuration) refers to at32f4xx_dma.o(i.DMA_Reset) for DMA_Reset
    myadc.o(i.DMA_Configuration) refers to at32f4xx_dma.o(i.DMA_DefaultInitParaConfig) for DMA_DefaultInitParaConfig
    myadc.o(i.DMA_Configuration) refers to at32f4xx_dma.o(i.DMA_Init) for DMA_Init
    myadc.o(i.DMA_Configuration) refers to at32f4xx_dma.o(i.DMA_ChannelEnable) for DMA_ChannelEnable
    myadc.o(i.DMA_Configuration) refers to myadc.o(.data) for .data
    myadc.o(i.GPIO_Configuration) refers to at32f4xx_gpio_ex.o(i.GPIO_StructInit) for GPIO_StructInit
    myadc.o(i.GPIO_Configuration) refers to at32f4xx_gpio_ex.o(i.GPIO_Init) for GPIO_Init
    myadc.o(i.RCC_Configuration) refers to at32f4xx_rcc.o(i.RCC_ADCCLKConfig) for RCC_ADCCLKConfig
    myadc.o(i.RCC_Configuration) refers to at32f4xx_rcc.o(i.RCC_AHBPeriphClockCmd) for RCC_AHBPeriphClockCmd
    myadc.o(i.RCC_Configuration) refers to at32f4xx_rcc.o(i.RCC_APB2PeriphClockCmd) for RCC_APB2PeriphClockCmd
    at32_board.o(i.AT32_BUTTON_Init) refers to at32f4xx_rcc.o(i.RCC_AHBPeriphClockCmd) for RCC_AHBPeriphClockCmd
    at32_board.o(i.AT32_BUTTON_Init) refers to at32f4xx_gpio_ex.o(i.GPIO_StructInit) for GPIO_StructInit
    at32_board.o(i.AT32_BUTTON_Init) refers to at32f4xx_gpio_ex.o(i.GPIO_Init) for GPIO_Init
    at32_board.o(i.AT32_BUTTON_Init) refers to at32_board.o(.data) for .data
    at32_board.o(i.AT32_BUTTON_Press) refers to at32_board.o(i.AT32_BUTTON_State) for AT32_BUTTON_State
    at32_board.o(i.AT32_BUTTON_Press) refers to at32_board.o(i.Delay_ms) for Delay_ms
    at32_board.o(i.AT32_BUTTON_Press) refers to at32_board.o(.data) for .data
    at32_board.o(i.AT32_BUTTON_State) refers to at32f4xx_gpio_ex.o(i.GPIO_ReadInputDataBit) for GPIO_ReadInputDataBit
    at32_board.o(i.AT32_BUTTON_State) refers to at32_board.o(.data) for .data
    at32_board.o(i.AT32_Board_Init) refers to at32_board.o(i.Delay_init) for Delay_init
    at32_board.o(i.AT32_Board_Init) refers to at32_board.o(i.AT32_LEDn_Init) for AT32_LEDn_Init
    at32_board.o(i.AT32_Board_Init) refers to at32_board.o(i.AT32_LEDn_OFF) for AT32_LEDn_OFF
    at32_board.o(i.AT32_Board_Init) refers to at32_board.o(i.AT32_BUTTON_Init) for AT32_BUTTON_Init
    at32_board.o(i.AT32_LEDn_Init) refers to at32f4xx_rcc.o(i.RCC_AHBPeriphClockCmd) for RCC_AHBPeriphClockCmd
    at32_board.o(i.AT32_LEDn_Init) refers to at32f4xx_gpio_ex.o(i.GPIO_StructInit) for GPIO_StructInit
    at32_board.o(i.AT32_LEDn_Init) refers to at32f4xx_gpio_ex.o(i.GPIO_Init) for GPIO_Init
    at32_board.o(i.AT32_LEDn_Init) refers to at32_board.o(.data) for .data
    at32_board.o(i.AT32_LEDn_OFF) refers to at32_board.o(.data) for .data
    at32_board.o(i.AT32_LEDn_ON) refers to at32_board.o(.data) for .data
    at32_board.o(i.AT32_LEDn_Toggle) refers to at32_board.o(.data) for .data
    at32_board.o(i.AT32_USB_GPIO_init) refers to at32f4xx_rcc.o(i.RCC_APB2PeriphClockCmd) for RCC_APB2PeriphClockCmd
    at32_board.o(i.AT32_USB_GPIO_init) refers to at32f4xx_gpio_ex.o(i.GPIO_StructInit) for GPIO_StructInit
    at32_board.o(i.AT32_USB_GPIO_init) refers to at32f4xx_gpio_ex.o(i.GPIO_Init) for GPIO_Init
    at32_board.o(i.AT32_USB_GPIO_init) refers to at32f4xx_gpio_ex.o(i.GPIO_ResetBits) for GPIO_ResetBits
    at32_board.o(i.Delay_init) refers to misc.o(i.SysTick_CLKSourceConfig) for SysTick_CLKSourceConfig
    at32_board.o(i.Delay_init) refers to ffltui.o(.text) for __aeabi_ui2f
    at32_board.o(i.Delay_init) refers to fdiv.o(.text) for __aeabi_fdiv
    at32_board.o(i.Delay_init) refers to fmul.o(.text) for __aeabi_fmul
    at32_board.o(i.Delay_init) refers to system_at32f4xx.o(.data) for SystemCoreClock
    at32_board.o(i.Delay_init) refers to at32_board.o(.data) for .data
    at32_board.o(i.Delay_ms) refers to fmul.o(.text) for __aeabi_fmul
    at32_board.o(i.Delay_ms) refers to ffixui.o(.text) for __aeabi_f2uiz
    at32_board.o(i.Delay_ms) refers to ffltui.o(.text) for __aeabi_ui2f
    at32_board.o(i.Delay_ms) refers to at32_board.o(.data) for .data
    at32_board.o(i.Delay_sec) refers to at32_board.o(i.Delay_ms) for Delay_ms
    at32_board.o(i.Delay_us) refers to ffltui.o(.text) for __aeabi_ui2f
    at32_board.o(i.Delay_us) refers to fmul.o(.text) for __aeabi_fmul
    at32_board.o(i.Delay_us) refers to ffixui.o(.text) for __aeabi_f2uiz
    at32_board.o(i.Delay_us) refers to at32_board.o(.data) for .data
    at32_board.o(i.UART_Print_Init) refers to at32f4xx_rcc.o(i.RCC_AHBPeriphClockCmd) for RCC_AHBPeriphClockCmd
    at32_board.o(i.UART_Print_Init) refers to at32f4xx_rcc.o(i.RCC_APB2PeriphClockCmd) for RCC_APB2PeriphClockCmd
    at32_board.o(i.UART_Print_Init) refers to at32f4xx_gpio_ex.o(i.GPIO_StructInit) for GPIO_StructInit
    at32_board.o(i.UART_Print_Init) refers to at32f4xx_gpio_ex.o(i.GPIO_Init) for GPIO_Init
    at32_board.o(i.UART_Print_Init) refers to at32f4xx_gpio_ex.o(i.GPIO_PinAFConfig) for GPIO_PinAFConfig
    at32_board.o(i.UART_Print_Init) refers to at32f4xx_usart.o(i.USART_StructInit) for USART_StructInit
    at32_board.o(i.UART_Print_Init) refers to at32f4xx_usart.o(i.USART_Init) for USART_Init
    at32_board.o(i.UART_Print_Init) refers to at32f4xx_usart.o(i.USART_INTConfig) for USART_INTConfig
    at32_board.o(i.UART_Print_Init) refers to at32f4xx_usart.o(i.USART_Cmd) for USART_Cmd
    at32_board.o(i.fputc) refers to at32f4xx_usart.o(i.USART_SendData) for USART_SendData
    at32_board.o(i.fputc) refers to at32f4xx_usart.o(i.USART_GetFlagStatus) for USART_GetFlagStatus
    system_at32f4xx.o(i.SetSysClockTo120M) refers to at32f4xx_rcc.o(i.RCC_PLLFrefTableConfig) for RCC_PLLFrefTableConfig
    system_at32f4xx.o(i.SetSysClockTo120M) refers to at32f4xx_rcc.o(i.RCC_StepModeCmd) for RCC_StepModeCmd
    system_at32f4xx.o(i.SystemCoreClockUpdate) refers to system_at32f4xx.o(.data) for .data
    system_at32f4xx.o(i.SystemInit) refers to system_at32f4xx.o(i.SetSysClockTo120M) for SetSysClockTo120M
    startup_at32f421c8t7.o(RESET) refers to startup_at32f421c8t7.o(STACK) for __initial_sp
    startup_at32f421c8t7.o(RESET) refers to startup_at32f421c8t7.o(.text) for Reset_Handler
    startup_at32f421c8t7.o(RESET) refers to at32f4xx_it.o(i.NMI_Handler) for NMI_Handler
    startup_at32f421c8t7.o(RESET) refers to at32f4xx_it.o(i.HardFault_Handler) for HardFault_Handler
    startup_at32f421c8t7.o(RESET) refers to at32f4xx_it.o(i.MemManage_Handler) for MemManage_Handler
    startup_at32f421c8t7.o(RESET) refers to at32f4xx_it.o(i.BusFault_Handler) for BusFault_Handler
    startup_at32f421c8t7.o(RESET) refers to at32f4xx_it.o(i.UsageFault_Handler) for UsageFault_Handler
    startup_at32f421c8t7.o(RESET) refers to at32f4xx_it.o(i.SVC_Handler) for SVC_Handler
    startup_at32f421c8t7.o(RESET) refers to at32f4xx_it.o(i.DebugMon_Handler) for DebugMon_Handler
    startup_at32f421c8t7.o(RESET) refers to at32f4xx_it.o(i.PendSV_Handler) for PendSV_Handler
    startup_at32f421c8t7.o(RESET) refers to at32f4xx_it.o(i.SysTick_Handler) for SysTick_Handler
    startup_at32f421c8t7.o(.text) refers to system_at32f4xx.o(i.SystemInit) for SystemInit
    startup_at32f421c8t7.o(.text) refers to entry.o(.ARM.Collect$$$$00000000) for __main
    at32f4xx_gpio_ex.o(i.GPIO_Init) refers to main.o(i.assert_failed) for assert_failed
    at32f4xx_gpio_ex.o(i.GPIO_PinAFConfig) refers to main.o(i.assert_failed) for assert_failed
    at32f4xx_gpio_ex.o(i.GPIO_PinsLockConfig) refers to main.o(i.assert_failed) for assert_failed
    at32f4xx_gpio_ex.o(i.GPIO_ReadInputData) refers to main.o(i.assert_failed) for assert_failed
    at32f4xx_gpio_ex.o(i.GPIO_ReadInputDataBit) refers to main.o(i.assert_failed) for assert_failed
    at32f4xx_gpio_ex.o(i.GPIO_ReadOutputData) refers to main.o(i.assert_failed) for assert_failed
    at32f4xx_gpio_ex.o(i.GPIO_ReadOutputDataBit) refers to main.o(i.assert_failed) for assert_failed
    at32f4xx_gpio_ex.o(i.GPIO_Reset) refers to main.o(i.assert_failed) for assert_failed
    at32f4xx_gpio_ex.o(i.GPIO_Reset) refers to at32f4xx_rcc.o(i.RCC_AHBPeriphResetCmd) for RCC_AHBPeriphResetCmd
    at32f4xx_gpio_ex.o(i.GPIO_ResetBits) refers to main.o(i.assert_failed) for assert_failed
    at32f4xx_gpio_ex.o(i.GPIO_SetBits) refers to main.o(i.assert_failed) for assert_failed
    at32f4xx_gpio_ex.o(i.GPIO_Write) refers to main.o(i.assert_failed) for assert_failed
    at32f4xx_gpio_ex.o(i.GPIO_WriteBit) refers to main.o(i.assert_failed) for assert_failed
    at32f4xx_rcc.o(i.RCC_ADCCLKConfig) refers to main.o(i.assert_failed) for assert_failed
    at32f4xx_rcc.o(i.RCC_AHBCLKConfig) refers to main.o(i.assert_failed) for assert_failed
    at32f4xx_rcc.o(i.RCC_AHBPeriphClockCmd) refers to main.o(i.assert_failed) for assert_failed
    at32f4xx_rcc.o(i.RCC_AHBPeriphResetCmd) refers to main.o(i.assert_failed) for assert_failed
    at32f4xx_rcc.o(i.RCC_APB1CLKConfig) refers to main.o(i.assert_failed) for assert_failed
    at32f4xx_rcc.o(i.RCC_APB1PeriphClockCmd) refers to main.o(i.assert_failed) for assert_failed
    at32f4xx_rcc.o(i.RCC_APB1PeriphResetCmd) refers to main.o(i.assert_failed) for assert_failed
    at32f4xx_rcc.o(i.RCC_APB2CLKConfig) refers to main.o(i.assert_failed) for assert_failed
    at32f4xx_rcc.o(i.RCC_APB2PeriphClockCmd) refers to main.o(i.assert_failed) for assert_failed
    at32f4xx_rcc.o(i.RCC_APB2PeriphResetCmd) refers to main.o(i.assert_failed) for assert_failed
    at32f4xx_rcc.o(i.RCC_BackupResetCmd) refers to main.o(i.assert_failed) for assert_failed
    at32f4xx_rcc.o(i.RCC_CLKOUTConfig) refers to main.o(i.assert_failed) for assert_failed
    at32f4xx_rcc.o(i.RCC_ClearINTPendingBit) refers to main.o(i.assert_failed) for assert_failed
    at32f4xx_rcc.o(i.RCC_ERTCCLKCmd) refers to main.o(i.assert_failed) for assert_failed
    at32f4xx_rcc.o(i.RCC_ERTCCLKConfig) refers to main.o(i.assert_failed) for assert_failed
    at32f4xx_rcc.o(i.RCC_GetClocksFreq) refers to at32f4xx_rcc.o(.constdata) for .constdata
    at32f4xx_rcc.o(i.RCC_GetFlagStatus) refers to main.o(i.assert_failed) for assert_failed
    at32f4xx_rcc.o(i.RCC_GetINTStatus) refers to main.o(i.assert_failed) for assert_failed
    at32f4xx_rcc.o(i.RCC_HSEClockFailureDetectorCmd) refers to main.o(i.assert_failed) for assert_failed
    at32f4xx_rcc.o(i.RCC_HSEConfig) refers to main.o(i.assert_failed) for assert_failed
    at32f4xx_rcc.o(i.RCC_HSI2USB48M) refers to main.o(i.assert_failed) for assert_failed
    at32f4xx_rcc.o(i.RCC_HSICmd) refers to main.o(i.assert_failed) for assert_failed
    at32f4xx_rcc.o(i.RCC_INTConfig) refers to main.o(i.assert_failed) for assert_failed
    at32f4xx_rcc.o(i.RCC_LSEConfig) refers to main.o(i.assert_failed) for assert_failed
    at32f4xx_rcc.o(i.RCC_LSICmd) refers to main.o(i.assert_failed) for assert_failed
    at32f4xx_rcc.o(i.RCC_PLLCmd) refers to main.o(i.assert_failed) for assert_failed
    at32f4xx_rcc.o(i.RCC_PLLConfig) refers to main.o(i.assert_failed) for assert_failed
    at32f4xx_rcc.o(i.RCC_PLLFrefTableConfig) refers to ffltui.o(.text) for __aeabi_ui2f
    at32f4xx_rcc.o(i.RCC_PLLFrefTableConfig) refers to fdiv.o(.text) for __aeabi_fdiv
    at32f4xx_rcc.o(i.RCC_PLLFrefTableConfig) refers to fscalb.o(.text) for __ARM_scalbnf
    at32f4xx_rcc.o(i.RCC_PLLconfig2) refers to main.o(i.assert_failed) for assert_failed
    at32f4xx_rcc.o(i.RCC_SYSCLKConfig) refers to main.o(i.assert_failed) for assert_failed
    at32f4xx_rcc.o(i.RCC_SetHSITweakValue) refers to main.o(i.assert_failed) for assert_failed
    at32f4xx_rcc.o(i.RCC_StepModeCmd) refers to main.o(i.assert_failed) for assert_failed
    at32f4xx_rcc.o(i.RCC_USBCLKConfig) refers to main.o(i.assert_failed) for assert_failed
    at32f4xx_rcc.o(i.RCC_WaitForHSEStable) refers to at32f4xx_rcc.o(i.RCC_GetFlagStatus) for RCC_GetFlagStatus
    at32f4xx_usart.o(i.USART_ClearFlag) refers to main.o(i.assert_failed) for assert_failed
    at32f4xx_usart.o(i.USART_ClearITPendingBit) refers to main.o(i.assert_failed) for assert_failed
    at32f4xx_usart.o(i.USART_ClockInit) refers to main.o(i.assert_failed) for assert_failed
    at32f4xx_usart.o(i.USART_Cmd) refers to main.o(i.assert_failed) for assert_failed
    at32f4xx_usart.o(i.USART_DMACmd) refers to main.o(i.assert_failed) for assert_failed
    at32f4xx_usart.o(i.USART_GetFlagStatus) refers to main.o(i.assert_failed) for assert_failed
    at32f4xx_usart.o(i.USART_GetITStatus) refers to main.o(i.assert_failed) for assert_failed
    at32f4xx_usart.o(i.USART_HalfDuplexCmd) refers to main.o(i.assert_failed) for assert_failed
    at32f4xx_usart.o(i.USART_INTConfig) refers to main.o(i.assert_failed) for assert_failed
    at32f4xx_usart.o(i.USART_Init) refers to main.o(i.assert_failed) for assert_failed
    at32f4xx_usart.o(i.USART_Init) refers to at32f4xx_rcc.o(i.RCC_GetClocksFreq) for RCC_GetClocksFreq
    at32f4xx_usart.o(i.USART_IrDACmd) refers to main.o(i.assert_failed) for assert_failed
    at32f4xx_usart.o(i.USART_IrDAConfig) refers to main.o(i.assert_failed) for assert_failed
    at32f4xx_usart.o(i.USART_LINBreakDetectLengthConfig) refers to main.o(i.assert_failed) for assert_failed
    at32f4xx_usart.o(i.USART_LINCmd) refers to main.o(i.assert_failed) for assert_failed
    at32f4xx_usart.o(i.USART_OneBitMethodCmd) refers to main.o(i.assert_failed) for assert_failed
    at32f4xx_usart.o(i.USART_OverSampling8Cmd) refers to main.o(i.assert_failed) for assert_failed
    at32f4xx_usart.o(i.USART_ReceiveData) refers to main.o(i.assert_failed) for assert_failed
    at32f4xx_usart.o(i.USART_ReceiverWakeUpCmd) refers to main.o(i.assert_failed) for assert_failed
    at32f4xx_usart.o(i.USART_Reset) refers to main.o(i.assert_failed) for assert_failed
    at32f4xx_usart.o(i.USART_Reset) refers to at32f4xx_rcc.o(i.RCC_APB1PeriphResetCmd) for RCC_APB1PeriphResetCmd
    at32f4xx_usart.o(i.USART_Reset) refers to at32f4xx_rcc.o(i.RCC_APB2PeriphResetCmd) for RCC_APB2PeriphResetCmd
    at32f4xx_usart.o(i.USART_SWAP) refers to main.o(i.assert_failed) for assert_failed
    at32f4xx_usart.o(i.USART_SendBreak) refers to main.o(i.assert_failed) for assert_failed
    at32f4xx_usart.o(i.USART_SendData) refers to main.o(i.assert_failed) for assert_failed
    at32f4xx_usart.o(i.USART_SetAddress) refers to main.o(i.assert_failed) for assert_failed
    at32f4xx_usart.o(i.USART_SetGuardTime) refers to main.o(i.assert_failed) for assert_failed
    at32f4xx_usart.o(i.USART_SetPrescaler) refers to main.o(i.assert_failed) for assert_failed
    at32f4xx_usart.o(i.USART_SmartCardCmd) refers to main.o(i.assert_failed) for assert_failed
    at32f4xx_usart.o(i.USART_SmartCardNACKCmd) refers to main.o(i.assert_failed) for assert_failed
    at32f4xx_usart.o(i.USART_WakeUpConfig) refers to main.o(i.assert_failed) for assert_failed
    at32f4xx_adc.o(i.ADC_AnalogWDGCtrl) refers to main.o(i.assert_failed) for assert_failed
    at32f4xx_adc.o(i.ADC_AnalogWDGSingleChannelConfig) refers to main.o(i.assert_failed) for assert_failed
    at32f4xx_adc.o(i.ADC_AnalogWDGThresholdsConfig) refers to main.o(i.assert_failed) for assert_failed
    at32f4xx_adc.o(i.ADC_AutoInjectedConvCtrl) refers to main.o(i.assert_failed) for assert_failed
    at32f4xx_adc.o(i.ADC_ClearFlag) refers to main.o(i.assert_failed) for assert_failed
    at32f4xx_adc.o(i.ADC_ClearINTPendingBit) refers to main.o(i.assert_failed) for assert_failed
    at32f4xx_adc.o(i.ADC_Ctrl) refers to main.o(i.assert_failed) for assert_failed
    at32f4xx_adc.o(i.ADC_DMACtrl) refers to main.o(i.assert_failed) for assert_failed
    at32f4xx_adc.o(i.ADC_DiscModeChannelCountConfig) refers to main.o(i.assert_failed) for assert_failed
    at32f4xx_adc.o(i.ADC_DiscModeCtrl) refers to main.o(i.assert_failed) for assert_failed
    at32f4xx_adc.o(i.ADC_ExternalTrigConvCtrl) refers to main.o(i.assert_failed) for assert_failed
    at32f4xx_adc.o(i.ADC_ExternalTrigInjectedConvConfig) refers to main.o(i.assert_failed) for assert_failed
    at32f4xx_adc.o(i.ADC_ExternalTrigInjectedConvCtrl) refers to main.o(i.assert_failed) for assert_failed
    at32f4xx_adc.o(i.ADC_GetCalibrationStatus) refers to main.o(i.assert_failed) for assert_failed
    at32f4xx_adc.o(i.ADC_GetConversionValue) refers to main.o(i.assert_failed) for assert_failed
    at32f4xx_adc.o(i.ADC_GetFlagStatus) refers to main.o(i.assert_failed) for assert_failed
    at32f4xx_adc.o(i.ADC_GetINTStatus) refers to main.o(i.assert_failed) for assert_failed
    at32f4xx_adc.o(i.ADC_GetInjectedConversionValue) refers to main.o(i.assert_failed) for assert_failed
    at32f4xx_adc.o(i.ADC_GetResetCalibrationStatus) refers to main.o(i.assert_failed) for assert_failed
    at32f4xx_adc.o(i.ADC_GetSoftwareStartConvStatus) refers to main.o(i.assert_failed) for assert_failed
    at32f4xx_adc.o(i.ADC_GetSoftwareStartInjectedConvCtrlStatus) refers to main.o(i.assert_failed) for assert_failed
    at32f4xx_adc.o(i.ADC_INTConfig) refers to main.o(i.assert_failed) for assert_failed
    at32f4xx_adc.o(i.ADC_Init) refers to main.o(i.assert_failed) for assert_failed
    at32f4xx_adc.o(i.ADC_InjectedChannelConfig) refers to main.o(i.assert_failed) for assert_failed
    at32f4xx_adc.o(i.ADC_InjectedDiscModeCtrl) refers to main.o(i.assert_failed) for assert_failed
    at32f4xx_adc.o(i.ADC_InjectedSequencerLengthConfig) refers to main.o(i.assert_failed) for assert_failed
    at32f4xx_adc.o(i.ADC_RegularChannelConfig) refers to main.o(i.assert_failed) for assert_failed
    at32f4xx_adc.o(i.ADC_Reset) refers to main.o(i.assert_failed) for assert_failed
    at32f4xx_adc.o(i.ADC_Reset) refers to at32f4xx_rcc.o(i.RCC_APB2PeriphResetCmd) for RCC_APB2PeriphResetCmd
    at32f4xx_adc.o(i.ADC_RstCalibration) refers to main.o(i.assert_failed) for assert_failed
    at32f4xx_adc.o(i.ADC_SetInjectedOffset) refers to main.o(i.assert_failed) for assert_failed
    at32f4xx_adc.o(i.ADC_SoftwareStartConvCtrl) refers to main.o(i.assert_failed) for assert_failed
    at32f4xx_adc.o(i.ADC_SoftwareStartInjectedConvCtrl) refers to main.o(i.assert_failed) for assert_failed
    at32f4xx_adc.o(i.ADC_StartCalibration) refers to main.o(i.assert_failed) for assert_failed
    at32f4xx_adc.o(i.ADC_TempSensorVrefintCtrl) refers to main.o(i.assert_failed) for assert_failed
    at32f4xx_dma.o(i.DMA_ChannelEnable) refers to main.o(i.assert_failed) for assert_failed
    at32f4xx_dma.o(i.DMA_ClearFlag) refers to main.o(i.assert_failed) for assert_failed
    at32f4xx_dma.o(i.DMA_ClearITPendingBit) refers to main.o(i.assert_failed) for assert_failed
    at32f4xx_dma.o(i.DMA_Flexible_Config) refers to main.o(i.assert_failed) for assert_failed
    at32f4xx_dma.o(i.DMA_GetCurrDataCounter) refers to main.o(i.assert_failed) for assert_failed
    at32f4xx_dma.o(i.DMA_GetFlagStatus) refers to main.o(i.assert_failed) for assert_failed
    at32f4xx_dma.o(i.DMA_GetITStatus) refers to main.o(i.assert_failed) for assert_failed
    at32f4xx_dma.o(i.DMA_INTConfig) refers to main.o(i.assert_failed) for assert_failed
    at32f4xx_dma.o(i.DMA_Init) refers to main.o(i.assert_failed) for assert_failed
    at32f4xx_dma.o(i.DMA_Reset) refers to main.o(i.assert_failed) for assert_failed
    at32f4xx_dma.o(i.DMA_SetCurrDataCounter) refers to main.o(i.assert_failed) for assert_failed
    misc.o(i.NVIC_Init) refers to main.o(i.assert_failed) for assert_failed
    misc.o(i.NVIC_PriorityGroupConfig) refers to main.o(i.assert_failed) for assert_failed
    misc.o(i.NVIC_SetVectorTable) refers to main.o(i.assert_failed) for assert_failed
    misc.o(i.NVIC_SystemLPConfig) refers to main.o(i.assert_failed) for assert_failed
    misc.o(i.SysTick_CLKSourceConfig) refers to main.o(i.assert_failed) for assert_failed
    entry.o(.ARM.Collect$$$$00000000) refers (Special) to entry10a.o(.ARM.Collect$$$$0000000D) for __rt_final_cpp
    entry.o(.ARM.Collect$$$$00000000) refers (Special) to entry11a.o(.ARM.Collect$$$$0000000F) for __rt_final_exit
    entry.o(.ARM.Collect$$$$00000000) refers (Special) to entry7b.o(.ARM.Collect$$$$00000008) for _main_clock
    entry.o(.ARM.Collect$$$$00000000) refers (Special) to entry8b.o(.ARM.Collect$$$$0000000A) for _main_cpp_init
    entry.o(.ARM.Collect$$$$00000000) refers (Special) to entry9a.o(.ARM.Collect$$$$0000000B) for _main_init
    entry.o(.ARM.Collect$$$$00000000) refers (Special) to entry5.o(.ARM.Collect$$$$00000004) for _main_scatterload
    entry.o(.ARM.Collect$$$$00000000) refers (Special) to entry2.o(.ARM.Collect$$$$00000001) for _main_stk
    printfb.o(i.__0fprintf$bare) refers to printfb.o(i._printf_core) for _printf_core
    printfb.o(i.__0fprintf$bare) refers to at32_board.o(i.fputc) for fputc
    printfb.o(i.__0printf$bare) refers to printfb.o(i._printf_core) for _printf_core
    printfb.o(i.__0printf$bare) refers to at32_board.o(i.fputc) for fputc
    printfb.o(i.__0printf$bare) refers to at32_board.o(.data) for __stdout
    printfb.o(i.__0snprintf$bare) refers to printfb.o(i._printf_core) for _printf_core
    printfb.o(i.__0snprintf$bare) refers to printfb.o(i._snputc) for _snputc
    printfb.o(i.__0sprintf$bare) refers to printfb.o(i._printf_core) for _printf_core
    printfb.o(i.__0sprintf$bare) refers to printfb.o(i._sputc) for _sputc
    printfb.o(i.__0vfprintf$bare) refers to printfb.o(i._printf_core) for _printf_core
    printfb.o(i.__0vfprintf$bare) refers to at32_board.o(i.fputc) for fputc
    printfb.o(i.__0vprintf$bare) refers to printfb.o(i._printf_core) for _printf_core
    printfb.o(i.__0vprintf$bare) refers to at32_board.o(i.fputc) for fputc
    printfb.o(i.__0vprintf$bare) refers to at32_board.o(.data) for __stdout
    printfb.o(i.__0vsnprintf$bare) refers to printfb.o(i._printf_core) for _printf_core
    printfb.o(i.__0vsnprintf$bare) refers to printfb.o(i._snputc) for _snputc
    printfb.o(i.__0vsprintf$bare) refers to printfb.o(i._printf_core) for _printf_core
    printfb.o(i.__0vsprintf$bare) refers to printfb.o(i._sputc) for _sputc
    printf0.o(i.__0fprintf$0) refers to printf0.o(i._printf_core) for _printf_core
    printf0.o(i.__0fprintf$0) refers to at32_board.o(i.fputc) for fputc
    printf0.o(i.__0printf$0) refers to printf0.o(i._printf_core) for _printf_core
    printf0.o(i.__0printf$0) refers to at32_board.o(i.fputc) for fputc
    printf0.o(i.__0printf$0) refers to at32_board.o(.data) for __stdout
    printf0.o(i.__0snprintf$0) refers to printf0.o(i._printf_core) for _printf_core
    printf0.o(i.__0snprintf$0) refers to printf0.o(i._snputc) for _snputc
    printf0.o(i.__0sprintf$0) refers to printf0.o(i._printf_core) for _printf_core
    printf0.o(i.__0sprintf$0) refers to printf0.o(i._sputc) for _sputc
    printf0.o(i.__0vfprintf$0) refers to printf0.o(i._printf_core) for _printf_core
    printf0.o(i.__0vfprintf$0) refers to at32_board.o(i.fputc) for fputc
    printf0.o(i.__0vprintf$0) refers to printf0.o(i._printf_core) for _printf_core
    printf0.o(i.__0vprintf$0) refers to at32_board.o(i.fputc) for fputc
    printf0.o(i.__0vprintf$0) refers to at32_board.o(.data) for __stdout
    printf0.o(i.__0vsnprintf$0) refers to printf0.o(i._printf_core) for _printf_core
    printf0.o(i.__0vsnprintf$0) refers to printf0.o(i._snputc) for _snputc
    printf0.o(i.__0vsprintf$0) refers to printf0.o(i._printf_core) for _printf_core
    printf0.o(i.__0vsprintf$0) refers to printf0.o(i._sputc) for _sputc
    printf1.o(i.__0fprintf$1) refers to printf1.o(i._printf_core) for _printf_core
    printf1.o(i.__0fprintf$1) refers to at32_board.o(i.fputc) for fputc
    printf1.o(i.__0printf$1) refers to printf1.o(i._printf_core) for _printf_core
    printf1.o(i.__0printf$1) refers to at32_board.o(i.fputc) for fputc
    printf1.o(i.__0printf$1) refers to at32_board.o(.data) for __stdout
    printf1.o(i.__0snprintf$1) refers to printf1.o(i._printf_core) for _printf_core
    printf1.o(i.__0snprintf$1) refers to printf1.o(i._snputc) for _snputc
    printf1.o(i.__0sprintf$1) refers to printf1.o(i._printf_core) for _printf_core
    printf1.o(i.__0sprintf$1) refers to printf1.o(i._sputc) for _sputc
    printf1.o(i.__0vfprintf$1) refers to printf1.o(i._printf_core) for _printf_core
    printf1.o(i.__0vfprintf$1) refers to at32_board.o(i.fputc) for fputc
    printf1.o(i.__0vprintf$1) refers to printf1.o(i._printf_core) for _printf_core
    printf1.o(i.__0vprintf$1) refers to at32_board.o(i.fputc) for fputc
    printf1.o(i.__0vprintf$1) refers to at32_board.o(.data) for __stdout
    printf1.o(i.__0vsnprintf$1) refers to printf1.o(i._printf_core) for _printf_core
    printf1.o(i.__0vsnprintf$1) refers to printf1.o(i._snputc) for _snputc
    printf1.o(i.__0vsprintf$1) refers to printf1.o(i._printf_core) for _printf_core
    printf1.o(i.__0vsprintf$1) refers to printf1.o(i._sputc) for _sputc
    printf1.o(i._printf_core) refers to uidiv.o(.text) for __aeabi_uidivmod
    printf2.o(i.__0fprintf$2) refers to printf2.o(i._printf_core) for _printf_core
    printf2.o(i.__0fprintf$2) refers to at32_board.o(i.fputc) for fputc
    printf2.o(i.__0printf$2) refers to printf2.o(i._printf_core) for _printf_core
    printf2.o(i.__0printf$2) refers to at32_board.o(i.fputc) for fputc
    printf2.o(i.__0printf$2) refers to at32_board.o(.data) for __stdout
    printf2.o(i.__0snprintf$2) refers to printf2.o(i._printf_core) for _printf_core
    printf2.o(i.__0snprintf$2) refers to printf2.o(i._snputc) for _snputc
    printf2.o(i.__0sprintf$2) refers to printf2.o(i._printf_core) for _printf_core
    printf2.o(i.__0sprintf$2) refers to printf2.o(i._sputc) for _sputc
    printf2.o(i.__0vfprintf$2) refers to printf2.o(i._printf_core) for _printf_core
    printf2.o(i.__0vfprintf$2) refers to at32_board.o(i.fputc) for fputc
    printf2.o(i.__0vprintf$2) refers to printf2.o(i._printf_core) for _printf_core
    printf2.o(i.__0vprintf$2) refers to at32_board.o(i.fputc) for fputc
    printf2.o(i.__0vprintf$2) refers to at32_board.o(.data) for __stdout
    printf2.o(i.__0vsnprintf$2) refers to printf2.o(i._printf_core) for _printf_core
    printf2.o(i.__0vsnprintf$2) refers to printf2.o(i._snputc) for _snputc
    printf2.o(i.__0vsprintf$2) refers to printf2.o(i._printf_core) for _printf_core
    printf2.o(i.__0vsprintf$2) refers to printf2.o(i._sputc) for _sputc
    printf3.o(i.__0fprintf$3) refers to printf3.o(i._printf_core) for _printf_core
    printf3.o(i.__0fprintf$3) refers to at32_board.o(i.fputc) for fputc
    printf3.o(i.__0printf$3) refers to printf3.o(i._printf_core) for _printf_core
    printf3.o(i.__0printf$3) refers to at32_board.o(i.fputc) for fputc
    printf3.o(i.__0printf$3) refers to at32_board.o(.data) for __stdout
    printf3.o(i.__0snprintf$3) refers to printf3.o(i._printf_core) for _printf_core
    printf3.o(i.__0snprintf$3) refers to printf3.o(i._snputc) for _snputc
    printf3.o(i.__0sprintf$3) refers to printf3.o(i._printf_core) for _printf_core
    printf3.o(i.__0sprintf$3) refers to printf3.o(i._sputc) for _sputc
    printf3.o(i.__0vfprintf$3) refers to printf3.o(i._printf_core) for _printf_core
    printf3.o(i.__0vfprintf$3) refers to at32_board.o(i.fputc) for fputc
    printf3.o(i.__0vprintf$3) refers to printf3.o(i._printf_core) for _printf_core
    printf3.o(i.__0vprintf$3) refers to at32_board.o(i.fputc) for fputc
    printf3.o(i.__0vprintf$3) refers to at32_board.o(.data) for __stdout
    printf3.o(i.__0vsnprintf$3) refers to printf3.o(i._printf_core) for _printf_core
    printf3.o(i.__0vsnprintf$3) refers to printf3.o(i._snputc) for _snputc
    printf3.o(i.__0vsprintf$3) refers to printf3.o(i._printf_core) for _printf_core
    printf3.o(i.__0vsprintf$3) refers to printf3.o(i._sputc) for _sputc
    printf3.o(i._printf_core) refers to uidiv.o(.text) for __aeabi_uidivmod
    printf4.o(i.__0fprintf$4) refers to printf4.o(i._printf_core) for _printf_core
    printf4.o(i.__0fprintf$4) refers to at32_board.o(i.fputc) for fputc
    printf4.o(i.__0printf$4) refers to printf4.o(i._printf_core) for _printf_core
    printf4.o(i.__0printf$4) refers to at32_board.o(i.fputc) for fputc
    printf4.o(i.__0printf$4) refers to at32_board.o(.data) for __stdout
    printf4.o(i.__0snprintf$4) refers to printf4.o(i._printf_core) for _printf_core
    printf4.o(i.__0snprintf$4) refers to printf4.o(i._snputc) for _snputc
    printf4.o(i.__0sprintf$4) refers to printf4.o(i._printf_core) for _printf_core
    printf4.o(i.__0sprintf$4) refers to printf4.o(i._sputc) for _sputc
    printf4.o(i.__0vfprintf$4) refers to printf4.o(i._printf_core) for _printf_core
    printf4.o(i.__0vfprintf$4) refers to at32_board.o(i.fputc) for fputc
    printf4.o(i.__0vprintf$4) refers to printf4.o(i._printf_core) for _printf_core
    printf4.o(i.__0vprintf$4) refers to at32_board.o(i.fputc) for fputc
    printf4.o(i.__0vprintf$4) refers to at32_board.o(.data) for __stdout
    printf4.o(i.__0vsnprintf$4) refers to printf4.o(i._printf_core) for _printf_core
    printf4.o(i.__0vsnprintf$4) refers to printf4.o(i._snputc) for _snputc
    printf4.o(i.__0vsprintf$4) refers to printf4.o(i._printf_core) for _printf_core
    printf4.o(i.__0vsprintf$4) refers to printf4.o(i._sputc) for _sputc
    printf4.o(i._printf_core) refers to uldiv.o(.text) for __aeabi_uldivmod
    printf5.o(i.__0fprintf$5) refers to printf5.o(i._printf_core) for _printf_core
    printf5.o(i.__0fprintf$5) refers to at32_board.o(i.fputc) for fputc
    printf5.o(i.__0printf$5) refers to printf5.o(i._printf_core) for _printf_core
    printf5.o(i.__0printf$5) refers to at32_board.o(i.fputc) for fputc
    printf5.o(i.__0printf$5) refers to at32_board.o(.data) for __stdout
    printf5.o(i.__0snprintf$5) refers to printf5.o(i._printf_core) for _printf_core
    printf5.o(i.__0snprintf$5) refers to printf5.o(i._snputc) for _snputc
    printf5.o(i.__0sprintf$5) refers to printf5.o(i._printf_core) for _printf_core
    printf5.o(i.__0sprintf$5) refers to printf5.o(i._sputc) for _sputc
    printf5.o(i.__0vfprintf$5) refers to printf5.o(i._printf_core) for _printf_core
    printf5.o(i.__0vfprintf$5) refers to at32_board.o(i.fputc) for fputc
    printf5.o(i.__0vprintf$5) refers to printf5.o(i._printf_core) for _printf_core
    printf5.o(i.__0vprintf$5) refers to at32_board.o(i.fputc) for fputc
    printf5.o(i.__0vprintf$5) refers to at32_board.o(.data) for __stdout
    printf5.o(i.__0vsnprintf$5) refers to printf5.o(i._printf_core) for _printf_core
    printf5.o(i.__0vsnprintf$5) refers to printf5.o(i._snputc) for _snputc
    printf5.o(i.__0vsprintf$5) refers to printf5.o(i._printf_core) for _printf_core
    printf5.o(i.__0vsprintf$5) refers to printf5.o(i._sputc) for _sputc
    printf5.o(i._printf_core) refers to uldiv.o(.text) for __aeabi_uldivmod
    printf6.o(i.__0fprintf$6) refers to printf6.o(i._printf_core) for _printf_core
    printf6.o(i.__0fprintf$6) refers to at32_board.o(i.fputc) for fputc
    printf6.o(i.__0printf$6) refers to printf6.o(i._printf_core) for _printf_core
    printf6.o(i.__0printf$6) refers to at32_board.o(i.fputc) for fputc
    printf6.o(i.__0printf$6) refers to at32_board.o(.data) for __stdout
    printf6.o(i.__0snprintf$6) refers to printf6.o(i._printf_core) for _printf_core
    printf6.o(i.__0snprintf$6) refers to printf6.o(i._snputc) for _snputc
    printf6.o(i.__0sprintf$6) refers to printf6.o(i._printf_core) for _printf_core
    printf6.o(i.__0sprintf$6) refers to printf6.o(i._sputc) for _sputc
    printf6.o(i.__0vfprintf$6) refers to printf6.o(i._printf_core) for _printf_core
    printf6.o(i.__0vfprintf$6) refers to at32_board.o(i.fputc) for fputc
    printf6.o(i.__0vprintf$6) refers to printf6.o(i._printf_core) for _printf_core
    printf6.o(i.__0vprintf$6) refers to at32_board.o(i.fputc) for fputc
    printf6.o(i.__0vprintf$6) refers to at32_board.o(.data) for __stdout
    printf6.o(i.__0vsnprintf$6) refers to printf6.o(i._printf_core) for _printf_core
    printf6.o(i.__0vsnprintf$6) refers to printf6.o(i._snputc) for _snputc
    printf6.o(i.__0vsprintf$6) refers to printf6.o(i._printf_core) for _printf_core
    printf6.o(i.__0vsprintf$6) refers to printf6.o(i._sputc) for _sputc
    printf6.o(i._printf_core) refers to printf6.o(i._printf_pre_padding) for _printf_pre_padding
    printf6.o(i._printf_core) refers to uidiv.o(.text) for __aeabi_uidivmod
    printf6.o(i._printf_core) refers to printf6.o(i._printf_post_padding) for _printf_post_padding
    printf7.o(i.__0fprintf$7) refers to printf7.o(i._printf_core) for _printf_core
    printf7.o(i.__0fprintf$7) refers to at32_board.o(i.fputc) for fputc
    printf7.o(i.__0printf$7) refers to printf7.o(i._printf_core) for _printf_core
    printf7.o(i.__0printf$7) refers to at32_board.o(i.fputc) for fputc
    printf7.o(i.__0printf$7) refers to at32_board.o(.data) for __stdout
    printf7.o(i.__0snprintf$7) refers to printf7.o(i._printf_core) for _printf_core
    printf7.o(i.__0snprintf$7) refers to printf7.o(i._snputc) for _snputc
    printf7.o(i.__0sprintf$7) refers to printf7.o(i._printf_core) for _printf_core
    printf7.o(i.__0sprintf$7) refers to printf7.o(i._sputc) for _sputc
    printf7.o(i.__0vfprintf$7) refers to printf7.o(i._printf_core) for _printf_core
    printf7.o(i.__0vfprintf$7) refers to at32_board.o(i.fputc) for fputc
    printf7.o(i.__0vprintf$7) refers to printf7.o(i._printf_core) for _printf_core
    printf7.o(i.__0vprintf$7) refers to at32_board.o(i.fputc) for fputc
    printf7.o(i.__0vprintf$7) refers to at32_board.o(.data) for __stdout
    printf7.o(i.__0vsnprintf$7) refers to printf7.o(i._printf_core) for _printf_core
    printf7.o(i.__0vsnprintf$7) refers to printf7.o(i._snputc) for _snputc
    printf7.o(i.__0vsprintf$7) refers to printf7.o(i._printf_core) for _printf_core
    printf7.o(i.__0vsprintf$7) refers to printf7.o(i._sputc) for _sputc
    printf7.o(i._printf_core) refers to printf7.o(i._printf_pre_padding) for _printf_pre_padding
    printf7.o(i._printf_core) refers to uldiv.o(.text) for __aeabi_uldivmod
    printf7.o(i._printf_core) refers to printf7.o(i._printf_post_padding) for _printf_post_padding
    printf8.o(i.__0fprintf$8) refers to printf8.o(i._printf_core) for _printf_core
    printf8.o(i.__0fprintf$8) refers to at32_board.o(i.fputc) for fputc
    printf8.o(i.__0printf$8) refers to printf8.o(i._printf_core) for _printf_core
    printf8.o(i.__0printf$8) refers to at32_board.o(i.fputc) for fputc
    printf8.o(i.__0printf$8) refers to at32_board.o(.data) for __stdout
    printf8.o(i.__0snprintf$8) refers to printf8.o(i._printf_core) for _printf_core
    printf8.o(i.__0snprintf$8) refers to printf8.o(i._snputc) for _snputc
    printf8.o(i.__0sprintf$8) refers to printf8.o(i._printf_core) for _printf_core
    printf8.o(i.__0sprintf$8) refers to printf8.o(i._sputc) for _sputc
    printf8.o(i.__0vfprintf$8) refers to printf8.o(i._printf_core) for _printf_core
    printf8.o(i.__0vfprintf$8) refers to at32_board.o(i.fputc) for fputc
    printf8.o(i.__0vprintf$8) refers to printf8.o(i._printf_core) for _printf_core
    printf8.o(i.__0vprintf$8) refers to at32_board.o(i.fputc) for fputc
    printf8.o(i.__0vprintf$8) refers to at32_board.o(.data) for __stdout
    printf8.o(i.__0vsnprintf$8) refers to printf8.o(i._printf_core) for _printf_core
    printf8.o(i.__0vsnprintf$8) refers to printf8.o(i._snputc) for _snputc
    printf8.o(i.__0vsprintf$8) refers to printf8.o(i._printf_core) for _printf_core
    printf8.o(i.__0vsprintf$8) refers to printf8.o(i._sputc) for _sputc
    printf8.o(i._printf_core) refers to printf8.o(i._printf_pre_padding) for _printf_pre_padding
    printf8.o(i._printf_core) refers to uldiv.o(.text) for __aeabi_uldivmod
    printf8.o(i._printf_core) refers to printf8.o(i._printf_post_padding) for _printf_post_padding
    printfa.o(i.__0fprintf) refers (Special) to iusefp.o(.text) for __I$use$fp
    printfa.o(i.__0fprintf) refers to printfa.o(i._printf_core) for _printf_core
    printfa.o(i.__0fprintf) refers to at32_board.o(i.fputc) for fputc
    printfa.o(i.__0printf) refers (Special) to iusefp.o(.text) for __I$use$fp
    printfa.o(i.__0printf) refers to printfa.o(i._printf_core) for _printf_core
    printfa.o(i.__0printf) refers to at32_board.o(i.fputc) for fputc
    printfa.o(i.__0printf) refers to at32_board.o(.data) for __stdout
    printfa.o(i.__0snprintf) refers (Special) to iusefp.o(.text) for __I$use$fp
    printfa.o(i.__0snprintf) refers to printfa.o(i._printf_core) for _printf_core
    printfa.o(i.__0snprintf) refers to printfa.o(i._snputc) for _snputc
    printfa.o(i.__0sprintf) refers (Special) to iusefp.o(.text) for __I$use$fp
    printfa.o(i.__0sprintf) refers to printfa.o(i._printf_core) for _printf_core
    printfa.o(i.__0sprintf) refers to printfa.o(i._sputc) for _sputc
    printfa.o(i.__0vfprintf) refers (Special) to iusefp.o(.text) for __I$use$fp
    printfa.o(i.__0vfprintf) refers to printfa.o(i._printf_core) for _printf_core
    printfa.o(i.__0vfprintf) refers to at32_board.o(i.fputc) for fputc
    printfa.o(i.__0vprintf) refers (Special) to iusefp.o(.text) for __I$use$fp
    printfa.o(i.__0vprintf) refers to printfa.o(i._printf_core) for _printf_core
    printfa.o(i.__0vprintf) refers to at32_board.o(i.fputc) for fputc
    printfa.o(i.__0vprintf) refers to at32_board.o(.data) for __stdout
    printfa.o(i.__0vsnprintf) refers (Special) to iusefp.o(.text) for __I$use$fp
    printfa.o(i.__0vsnprintf) refers to printfa.o(i._printf_core) for _printf_core
    printfa.o(i.__0vsnprintf) refers to printfa.o(i._snputc) for _snputc
    printfa.o(i.__0vsprintf) refers (Special) to iusefp.o(.text) for __I$use$fp
    printfa.o(i.__0vsprintf) refers to printfa.o(i._printf_core) for _printf_core
    printfa.o(i.__0vsprintf) refers to printfa.o(i._sputc) for _sputc
    printfa.o(i._fp_digits) refers (Special) to iusefp.o(.text) for __I$use$fp
    printfa.o(i._fp_digits) refers to dmul.o(.text) for __aeabi_dmul
    printfa.o(i._fp_digits) refers to ddiv.o(.text) for __aeabi_ddiv
    printfa.o(i._fp_digits) refers to cdrcmple.o(.text) for __aeabi_cdrcmple
    printfa.o(i._fp_digits) refers to dadd.o(.text) for __aeabi_dadd
    printfa.o(i._fp_digits) refers to dfixul.o(.text) for __aeabi_d2ulz
    printfa.o(i._fp_digits) refers to uldiv.o(.text) for __aeabi_uldivmod
    printfa.o(i._printf_core) refers (Special) to iusefp.o(.text) for __I$use$fp
    printfa.o(i._printf_core) refers to printfa.o(i._printf_pre_padding) for _printf_pre_padding
    printfa.o(i._printf_core) refers to uldiv.o(.text) for __aeabi_uldivmod
    printfa.o(i._printf_core) refers to printfa.o(i._printf_post_padding) for _printf_post_padding
    printfa.o(i._printf_core) refers to printfa.o(i._fp_digits) for _fp_digits
    printfa.o(i._printf_core) refers to uidiv.o(.text) for __aeabi_uidivmod
    printfa.o(i._printf_post_padding) refers (Special) to iusefp.o(.text) for __I$use$fp
    printfa.o(i._printf_pre_padding) refers (Special) to iusefp.o(.text) for __I$use$fp
    printfa.o(i._snputc) refers (Special) to iusefp.o(.text) for __I$use$fp
    printfa.o(i._sputc) refers (Special) to iusefp.o(.text) for __I$use$fp
    fmul.o(.text) refers (Special) to iusefp.o(.text) for __I$use$fp
    fdiv.o(.text) refers (Special) to iusefp.o(.text) for __I$use$fp
    fdiv.o(.text) refers to fepilogue.o(.text) for _float_round
    fscalb.o(.text) refers (Special) to iusefp.o(.text) for __I$use$fp
    ffltui.o(.text) refers (Special) to iusefp.o(.text) for __I$use$fp
    ffltui.o(.text) refers to fepilogue.o(.text) for _float_epilogue
    ffixui.o(.text) refers (Special) to iusefp.o(.text) for __I$use$fp
    entry2.o(.ARM.Collect$$$$00000001) refers to entry2.o(.ARM.Collect$$$$00002712) for __lit__00000000
    entry2.o(.ARM.Collect$$$$00002712) refers to startup_at32f421c8t7.o(STACK) for __initial_sp
    entry2.o(__vectab_stack_and_reset_area) refers to startup_at32f421c8t7.o(STACK) for __initial_sp
    entry2.o(__vectab_stack_and_reset_area) refers to entry.o(.ARM.Collect$$$$00000000) for __main
    entry5.o(.ARM.Collect$$$$00000004) refers to init.o(.text) for __scatterload
    entry9a.o(.ARM.Collect$$$$0000000B) refers to main.o(i.main) for main
    entry9b.o(.ARM.Collect$$$$0000000C) refers to main.o(i.main) for main
    uldiv.o(.text) refers to llushr.o(.text) for __aeabi_llsr
    uldiv.o(.text) refers to llshl.o(.text) for __aeabi_llsl
    dadd.o(.text) refers to llshl.o(.text) for __aeabi_llsl
    dadd.o(.text) refers to llsshr.o(.text) for __aeabi_lasr
    dadd.o(.text) refers to depilogue.o(.text) for _double_epilogue
    dmul.o(.text) refers to depilogue.o(.text) for _double_epilogue
    ddiv.o(.text) refers to depilogue.o(.text) for _double_round
    dfixul.o(.text) refers to llushr.o(.text) for __aeabi_llsr
    dfixul.o(.text) refers to llshl.o(.text) for __aeabi_llsl
    init.o(.text) refers to entry5.o(.ARM.Collect$$$$00000004) for __main_after_scatterload
    depilogue.o(.text) refers to llshl.o(.text) for __aeabi_llsl
    depilogue.o(.text) refers to llushr.o(.text) for __aeabi_llsr


==============================================================================

Removing Unused input sections from the image.

    Removing main.o(.rev16_text), (4 bytes).
    Removing main.o(.revsh_text), (4 bytes).
    Removing main.o(.rrx_text), (6 bytes).
    Removing at32f4xx_it.o(.rev16_text), (4 bytes).
    Removing at32f4xx_it.o(.revsh_text), (4 bytes).
    Removing at32f4xx_it.o(.rrx_text), (6 bytes).
    Removing myadc.o(.rev16_text), (4 bytes).
    Removing myadc.o(.revsh_text), (4 bytes).
    Removing myadc.o(.rrx_text), (6 bytes).
    Removing at32_board.o(.rev16_text), (4 bytes).
    Removing at32_board.o(.revsh_text), (4 bytes).
    Removing at32_board.o(.rrx_text), (6 bytes).
    Removing at32_board.o(i.AT32_BUTTON_Init), (68 bytes).
    Removing at32_board.o(i.AT32_BUTTON_Press), (96 bytes).
    Removing at32_board.o(i.AT32_BUTTON_State), (24 bytes).
    Removing at32_board.o(i.AT32_Board_Init), (58 bytes).
    Removing at32_board.o(i.AT32_LEDn_Init), (76 bytes).
    Removing at32_board.o(i.AT32_LEDn_OFF), (32 bytes).
    Removing at32_board.o(i.AT32_LEDn_ON), (32 bytes).
    Removing at32_board.o(i.AT32_LEDn_Toggle), (36 bytes).
    Removing at32_board.o(i.AT32_USB_GPIO_init), (70 bytes).
    Removing at32_board.o(i.Delay_init), (56 bytes).
    Removing at32_board.o(i.Delay_ms), (112 bytes).
    Removing at32_board.o(i.Delay_sec), (34 bytes).
    Removing at32_board.o(i.Delay_us), (64 bytes).
    Removing at32_board.o(i._sys_exit), (2 bytes).
    Removing at32_board.o(.data), (72 bytes).
    Removing system_at32f4xx.o(.rev16_text), (4 bytes).
    Removing system_at32f4xx.o(.revsh_text), (4 bytes).
    Removing system_at32f4xx.o(.rrx_text), (6 bytes).
    Removing system_at32f4xx.o(i.SystemCoreClockUpdate), (228 bytes).
    Removing system_at32f4xx.o(.data), (20 bytes).
    Removing startup_at32f421c8t7.o(HEAP), (512 bytes).
    Removing at32f4xx_gpio_ex.o(.rev16_text), (4 bytes).
    Removing at32f4xx_gpio_ex.o(.revsh_text), (4 bytes).
    Removing at32f4xx_gpio_ex.o(.rrx_text), (6 bytes).
    Removing at32f4xx_gpio_ex.o(i.GPIO_PinsLockConfig), (144 bytes).
    Removing at32f4xx_gpio_ex.o(i.GPIO_ReadInputData), (120 bytes).
    Removing at32f4xx_gpio_ex.o(i.GPIO_ReadInputDataBit), (216 bytes).
    Removing at32f4xx_gpio_ex.o(i.GPIO_ReadOutputData), (120 bytes).
    Removing at32f4xx_gpio_ex.o(i.GPIO_ReadOutputDataBit), (220 bytes).
    Removing at32f4xx_gpio_ex.o(i.GPIO_Reset), (164 bytes).
    Removing at32f4xx_gpio_ex.o(i.GPIO_ResetBits), (132 bytes).
    Removing at32f4xx_gpio_ex.o(i.GPIO_SetBits), (132 bytes).
    Removing at32f4xx_gpio_ex.o(i.GPIO_Write), (120 bytes).
    Removing at32f4xx_gpio_ex.o(i.GPIO_WriteBit), (232 bytes).
    Removing at32f4xx_rcc.o(.rev16_text), (4 bytes).
    Removing at32f4xx_rcc.o(.revsh_text), (4 bytes).
    Removing at32f4xx_rcc.o(.rrx_text), (6 bytes).
    Removing at32f4xx_rcc.o(i.RCC_AHBCLKConfig), (128 bytes).
    Removing at32f4xx_rcc.o(i.RCC_AHBPeriphResetCmd), (124 bytes).
    Removing at32f4xx_rcc.o(i.RCC_APB1CLKConfig), (120 bytes).
    Removing at32f4xx_rcc.o(i.RCC_APB1PeriphClockCmd), (124 bytes).
    Removing at32f4xx_rcc.o(i.RCC_APB1PeriphResetCmd), (124 bytes).
    Removing at32f4xx_rcc.o(i.RCC_APB2CLKConfig), (120 bytes).
    Removing at32f4xx_rcc.o(i.RCC_APB2PeriphResetCmd), (124 bytes).
    Removing at32f4xx_rcc.o(i.RCC_BackupResetCmd), (92 bytes).
    Removing at32f4xx_rcc.o(i.RCC_CLKOUTConfig), (280 bytes).
    Removing at32f4xx_rcc.o(i.RCC_ClearFlag), (16 bytes).
    Removing at32f4xx_rcc.o(i.RCC_ClearINTPendingBit), (92 bytes).
    Removing at32f4xx_rcc.o(i.RCC_ERTCCLKCmd), (92 bytes).
    Removing at32f4xx_rcc.o(i.RCC_ERTCCLKConfig), (108 bytes).
    Removing at32f4xx_rcc.o(i.RCC_GetFlagStatus), (168 bytes).
    Removing at32f4xx_rcc.o(i.RCC_GetINTStatus), (120 bytes).
    Removing at32f4xx_rcc.o(i.RCC_GetSYSCLKSelction), (16 bytes).
    Removing at32f4xx_rcc.o(i.RCC_HSEClockFailureDetectorCmd), (92 bytes).
    Removing at32f4xx_rcc.o(i.RCC_HSEConfig), (140 bytes).
    Removing at32f4xx_rcc.o(i.RCC_HSI2USB48M), (120 bytes).
    Removing at32f4xx_rcc.o(i.RCC_HSICmd), (92 bytes).
    Removing at32f4xx_rcc.o(i.RCC_INTConfig), (120 bytes).
    Removing at32f4xx_rcc.o(i.RCC_LSEConfig), (124 bytes).
    Removing at32f4xx_rcc.o(i.RCC_LSICmd), (92 bytes).
    Removing at32f4xx_rcc.o(i.RCC_PLLCmd), (92 bytes).
    Removing at32f4xx_rcc.o(i.RCC_PLLConfig), (156 bytes).
    Removing at32f4xx_rcc.o(i.RCC_PLLconfig2), (240 bytes).
    Removing at32f4xx_rcc.o(i.RCC_Reset), (76 bytes).
    Removing at32f4xx_rcc.o(i.RCC_SYSCLKConfig), (104 bytes).
    Removing at32f4xx_rcc.o(i.RCC_SetHSICalibValue), (32 bytes).
    Removing at32f4xx_rcc.o(i.RCC_SetHSITweakValue), (100 bytes).
    Removing at32f4xx_rcc.o(i.RCC_USBCLKConfig), (132 bytes).
    Removing at32f4xx_rcc.o(i.RCC_WaitForHSEStable), (56 bytes).
    Removing at32f4xx_usart.o(.rev16_text), (4 bytes).
    Removing at32f4xx_usart.o(.revsh_text), (4 bytes).
    Removing at32f4xx_usart.o(.rrx_text), (6 bytes).
    Removing at32f4xx_usart.o(i.USART_ClearFlag), (148 bytes).
    Removing at32f4xx_usart.o(i.USART_ClearITPendingBit), (168 bytes).
    Removing at32f4xx_usart.o(i.USART_ClockInit), (204 bytes).
    Removing at32f4xx_usart.o(i.USART_ClockStructInit), (12 bytes).
    Removing at32f4xx_usart.o(i.USART_DMACmd), (148 bytes).
    Removing at32f4xx_usart.o(i.USART_GetITStatus), (256 bytes).
    Removing at32f4xx_usart.o(i.USART_HalfDuplexCmd), (132 bytes).
    Removing at32f4xx_usart.o(i.USART_IrDACmd), (132 bytes).
    Removing at32f4xx_usart.o(i.USART_IrDAConfig), (128 bytes).
    Removing at32f4xx_usart.o(i.USART_LINBreakDetectLengthConfig), (128 bytes).
    Removing at32f4xx_usart.o(i.USART_LINCmd), (132 bytes).
    Removing at32f4xx_usart.o(i.USART_OneBitMethodCmd), (132 bytes).
    Removing at32f4xx_usart.o(i.USART_OverSampling8Cmd), (132 bytes).
    Removing at32f4xx_usart.o(i.USART_ReceiveData), (104 bytes).
    Removing at32f4xx_usart.o(i.USART_ReceiverWakeUpCmd), (132 bytes).
    Removing at32f4xx_usart.o(i.USART_Reset), (140 bytes).
    Removing at32f4xx_usart.o(i.USART_SWAP), (132 bytes).
    Removing at32f4xx_usart.o(i.USART_SendBreak), (104 bytes).
    Removing at32f4xx_usart.o(i.USART_SetAddress), (128 bytes).
    Removing at32f4xx_usart.o(i.USART_SetGuardTime), (112 bytes).
    Removing at32f4xx_usart.o(i.USART_SetPrescaler), (112 bytes).
    Removing at32f4xx_usart.o(i.USART_SmartCardCmd), (132 bytes).
    Removing at32f4xx_usart.o(i.USART_SmartCardNACKCmd), (132 bytes).
    Removing at32f4xx_usart.o(i.USART_WakeUpConfig), (132 bytes).
    Removing at32f4xx_adc.o(.rev16_text), (4 bytes).
    Removing at32f4xx_adc.o(.revsh_text), (4 bytes).
    Removing at32f4xx_adc.o(.rrx_text), (6 bytes).
    Removing at32f4xx_adc.o(i.ADC_AnalogWDGCtrl), (160 bytes).
    Removing at32f4xx_adc.o(i.ADC_AnalogWDGSingleChannelConfig), (180 bytes).
    Removing at32f4xx_adc.o(i.ADC_AnalogWDGThresholdsConfig), (132 bytes).
    Removing at32f4xx_adc.o(i.ADC_AutoInjectedConvCtrl), (120 bytes).
    Removing at32f4xx_adc.o(i.ADC_ClearFlag), (108 bytes).
    Removing at32f4xx_adc.o(i.ADC_ClearINTPendingBit), (112 bytes).
    Removing at32f4xx_adc.o(i.ADC_DiscModeChannelCountConfig), (120 bytes).
    Removing at32f4xx_adc.o(i.ADC_DiscModeCtrl), (120 bytes).
    Removing at32f4xx_adc.o(i.ADC_ExternalTrigConvCtrl), (120 bytes).
    Removing at32f4xx_adc.o(i.ADC_ExternalTrigInjectedConvConfig), (148 bytes).
    Removing at32f4xx_adc.o(i.ADC_ExternalTrigInjectedConvCtrl), (120 bytes).
    Removing at32f4xx_adc.o(i.ADC_GetConversionValue), (92 bytes).
    Removing at32f4xx_adc.o(i.ADC_GetDualModeConversionValue), (12 bytes).
    Removing at32f4xx_adc.o(i.ADC_GetFlagStatus), (132 bytes).
    Removing at32f4xx_adc.o(i.ADC_GetINTStatus), (140 bytes).
    Removing at32f4xx_adc.o(i.ADC_GetInjectedConversionValue), (128 bytes).
    Removing at32f4xx_adc.o(i.ADC_GetSoftwareStartConvStatus), (100 bytes).
    Removing at32f4xx_adc.o(i.ADC_GetSoftwareStartInjectedConvCtrlStatus), (100 bytes).
    Removing at32f4xx_adc.o(i.ADC_INTConfig), (140 bytes).
    Removing at32f4xx_adc.o(i.ADC_InjectedChannelConfig), (304 bytes).
    Removing at32f4xx_adc.o(i.ADC_InjectedDiscModeCtrl), (120 bytes).
    Removing at32f4xx_adc.o(i.ADC_InjectedSequencerLengthConfig), (120 bytes).
    Removing at32f4xx_adc.o(i.ADC_Reset), (108 bytes).
    Removing at32f4xx_adc.o(i.ADC_SetInjectedOffset), (144 bytes).
    Removing at32f4xx_adc.o(i.ADC_SoftwareStartInjectedConvCtrl), (120 bytes).
    Removing at32f4xx_adc.o(i.ADC_TempSensorVrefintCtrl), (104 bytes).
    Removing at32f4xx_dma.o(.rev16_text), (4 bytes).
    Removing at32f4xx_dma.o(.revsh_text), (4 bytes).
    Removing at32f4xx_dma.o(.rrx_text), (6 bytes).
    Removing at32f4xx_dma.o(i.DMA_ClearFlag), (96 bytes).
    Removing at32f4xx_dma.o(i.DMA_ClearITPendingBit), (96 bytes).
    Removing at32f4xx_dma.o(i.DMA_Flexible_Config), (580 bytes).
    Removing at32f4xx_dma.o(i.DMA_GetCurrDataCounter), (124 bytes).
    Removing at32f4xx_dma.o(i.DMA_GetFlagStatus), (456 bytes).
    Removing at32f4xx_dma.o(i.DMA_GetITStatus), (456 bytes).
    Removing at32f4xx_dma.o(i.DMA_INTConfig), (168 bytes).
    Removing at32f4xx_dma.o(i.DMA_SetCurrDataCounter), (124 bytes).
    Removing misc.o(.rev16_text), (4 bytes).
    Removing misc.o(.revsh_text), (4 bytes).
    Removing misc.o(.rrx_text), (6 bytes).
    Removing misc.o(i.NVIC_Init), (200 bytes).
    Removing misc.o(i.NVIC_PriorityGroupConfig), (112 bytes).
    Removing misc.o(i.NVIC_SetVectorTable), (116 bytes).
    Removing misc.o(i.NVIC_SystemLPConfig), (112 bytes).
    Removing misc.o(i.SysTick_CLKSourceConfig), (92 bytes).
    Removing fmul.o(.text), (100 bytes).
    Removing ffixui.o(.text), (40 bytes).
    Removing dadd.o(.text), (334 bytes).
    Removing dmul.o(.text), (228 bytes).
    Removing ddiv.o(.text), (222 bytes).
    Removing dfixul.o(.text), (48 bytes).
    Removing cdrcmple.o(.text), (48 bytes).
    Removing depilogue.o(.text), (186 bytes).

164 unused section(s) (total 17416 bytes) removed from the image.

==============================================================================

Image Symbol Table

    Local Symbols

    Symbol Name                              Value     Ov Type        Size  Object(Section)

    ../clib/microlib/division.c              0x00000000   Number         0  uldiv.o ABSOLUTE
    ../clib/microlib/division.c              0x00000000   Number         0  uidiv.o ABSOLUTE
    ../clib/microlib/init/entry.s            0x00000000   Number         0  entry8a.o ABSOLUTE
    ../clib/microlib/init/entry.s            0x00000000   Number         0  entry5.o ABSOLUTE
    ../clib/microlib/init/entry.s            0x00000000   Number         0  entry7b.o ABSOLUTE
    ../clib/microlib/init/entry.s            0x00000000   Number         0  entry9b.o ABSOLUTE
    ../clib/microlib/init/entry.s            0x00000000   Number         0  entry7a.o ABSOLUTE
    ../clib/microlib/init/entry.s            0x00000000   Number         0  entry9a.o ABSOLUTE
    ../clib/microlib/init/entry.s            0x00000000   Number         0  entry10a.o ABSOLUTE
    ../clib/microlib/init/entry.s            0x00000000   Number         0  entry11b.o ABSOLUTE
    ../clib/microlib/init/entry.s            0x00000000   Number         0  entry8b.o ABSOLUTE
    ../clib/microlib/init/entry.s            0x00000000   Number         0  entry11a.o ABSOLUTE
    ../clib/microlib/init/entry.s            0x00000000   Number         0  entry.o ABSOLUTE
    ../clib/microlib/init/entry.s            0x00000000   Number         0  entry2.o ABSOLUTE
    ../clib/microlib/init/entry.s            0x00000000   Number         0  entry10b.o ABSOLUTE
    ../clib/microlib/longlong.c              0x00000000   Number         0  llsshr.o ABSOLUTE
    ../clib/microlib/longlong.c              0x00000000   Number         0  llushr.o ABSOLUTE
    ../clib/microlib/longlong.c              0x00000000   Number         0  llshl.o ABSOLUTE
    ../clib/microlib/printf/printf.c         0x00000000   Number         0  printf4.o ABSOLUTE
    ../clib/microlib/printf/printf.c         0x00000000   Number         0  printfa.o ABSOLUTE
    ../clib/microlib/printf/printf.c         0x00000000   Number         0  printf8.o ABSOLUTE
    ../clib/microlib/printf/printf.c         0x00000000   Number         0  printf5.o ABSOLUTE
    ../clib/microlib/printf/printf.c         0x00000000   Number         0  printf7.o ABSOLUTE
    ../clib/microlib/printf/printf.c         0x00000000   Number         0  printf6.o ABSOLUTE
    ../clib/microlib/printf/printf.c         0x00000000   Number         0  printf3.o ABSOLUTE
    ../clib/microlib/printf/printf.c         0x00000000   Number         0  printf2.o ABSOLUTE
    ../clib/microlib/printf/printf.c         0x00000000   Number         0  printf1.o ABSOLUTE
    ../clib/microlib/printf/printf.c         0x00000000   Number         0  printf0.o ABSOLUTE
    ../clib/microlib/printf/printf.c         0x00000000   Number         0  printfb.o ABSOLUTE
    ../clib/microlib/printf/stubs.s          0x00000000   Number         0  stubs.o ABSOLUTE
    ../clib/microlib/stubs.s                 0x00000000   Number         0  iusefp.o ABSOLUTE
    ../clib/microlib/stubs.s                 0x00000000   Number         0  useno.o ABSOLUTE
    ../fplib/microlib/fpadd.c                0x00000000   Number         0  dadd.o ABSOLUTE
    ../fplib/microlib/fpdiv.c                0x00000000   Number         0  ddiv.o ABSOLUTE
    ../fplib/microlib/fpdiv.c                0x00000000   Number         0  fdiv.o ABSOLUTE
    ../fplib/microlib/fpepilogue.c           0x00000000   Number         0  fepilogue.o ABSOLUTE
    ../fplib/microlib/fpepilogue.c           0x00000000   Number         0  depilogue.o ABSOLUTE
    ../fplib/microlib/fpfix.c                0x00000000   Number         0  dfixul.o ABSOLUTE
    ../fplib/microlib/fpfix.c                0x00000000   Number         0  ffixui.o ABSOLUTE
    ../fplib/microlib/fpflt.c                0x00000000   Number         0  ffltui.o ABSOLUTE
    ../fplib/microlib/fpmul.c                0x00000000   Number         0  dmul.o ABSOLUTE
    ../fplib/microlib/fpmul.c                0x00000000   Number         0  fmul.o ABSOLUTE
    ../fplib/microlib/fpscalb.c              0x00000000   Number         0  fscalb.o ABSOLUTE
    ..\AT32_Board\at32_board.c               0x00000000   Number         0  at32_board.o ABSOLUTE
    ..\Libraries\AT32F4xx_StdPeriph_Driver\src\at32f4xx_adc.c 0x00000000   Number         0  at32f4xx_adc.o ABSOLUTE
    ..\Libraries\AT32F4xx_StdPeriph_Driver\src\at32f4xx_dma.c 0x00000000   Number         0  at32f4xx_dma.o ABSOLUTE
    ..\Libraries\AT32F4xx_StdPeriph_Driver\src\at32f4xx_gpio_ex.c 0x00000000   Number         0  at32f4xx_gpio_ex.o ABSOLUTE
    ..\Libraries\AT32F4xx_StdPeriph_Driver\src\at32f4xx_rcc.c 0x00000000   Number         0  at32f4xx_rcc.o ABSOLUTE
    ..\Libraries\AT32F4xx_StdPeriph_Driver\src\at32f4xx_usart.c 0x00000000   Number         0  at32f4xx_usart.o ABSOLUTE
    ..\Libraries\AT32F4xx_StdPeriph_Driver\src\misc.c 0x00000000   Number         0  misc.o ABSOLUTE
    ..\Libraries\CMSIS\CM4\DeviceSupport\startup_at32f421c8t7.s 0x00000000   Number         0  startup_at32f421c8t7.o ABSOLUTE
    ..\USER\at32f4xx_it.c                    0x00000000   Number         0  at32f4xx_it.o ABSOLUTE
    ..\USER\main.c                           0x00000000   Number         0  main.o ABSOLUTE
    ..\USER\myADC.c                          0x00000000   Number         0  myadc.o ABSOLUTE
    ..\USER\system_at32f4xx.c                0x00000000   Number         0  system_at32f4xx.o ABSOLUTE
    ..\\AT32_Board\\at32_board.c             0x00000000   Number         0  at32_board.o ABSOLUTE
    ..\\Libraries\\AT32F4xx_StdPeriph_Driver\\src\\at32f4xx_adc.c 0x00000000   Number         0  at32f4xx_adc.o ABSOLUTE
    ..\\Libraries\\AT32F4xx_StdPeriph_Driver\\src\\at32f4xx_dma.c 0x00000000   Number         0  at32f4xx_dma.o ABSOLUTE
    ..\\Libraries\\AT32F4xx_StdPeriph_Driver\\src\\at32f4xx_gpio_ex.c 0x00000000   Number         0  at32f4xx_gpio_ex.o ABSOLUTE
    ..\\Libraries\\AT32F4xx_StdPeriph_Driver\\src\\at32f4xx_rcc.c 0x00000000   Number         0  at32f4xx_rcc.o ABSOLUTE
    ..\\Libraries\\AT32F4xx_StdPeriph_Driver\\src\\at32f4xx_usart.c 0x00000000   Number         0  at32f4xx_usart.o ABSOLUTE
    ..\\Libraries\\AT32F4xx_StdPeriph_Driver\\src\\misc.c 0x00000000   Number         0  misc.o ABSOLUTE
    ..\\USER\\at32f4xx_it.c                  0x00000000   Number         0  at32f4xx_it.o ABSOLUTE
    ..\\USER\\main.c                         0x00000000   Number         0  main.o ABSOLUTE
    ..\\USER\\myADC.c                        0x00000000   Number         0  myadc.o ABSOLUTE
    ..\\USER\\system_at32f4xx.c              0x00000000   Number         0  system_at32f4xx.o ABSOLUTE
    cdrcmple.s                               0x00000000   Number         0  cdrcmple.o ABSOLUTE
    dc.s                                     0x00000000   Number         0  dc.o ABSOLUTE
    handlers.s                               0x00000000   Number         0  handlers.o ABSOLUTE
    init.s                                   0x00000000   Number         0  init.o ABSOLUTE
    RESET                                    0x08000000   Section      204  startup_at32f421c8t7.o(RESET)
    .ARM.Collect$$$$00000000                 0x080000cc   Section        0  entry.o(.ARM.Collect$$$$00000000)
    .ARM.Collect$$$$00000001                 0x080000cc   Section        4  entry2.o(.ARM.Collect$$$$00000001)
    .ARM.Collect$$$$00000004                 0x080000d0   Section        4  entry5.o(.ARM.Collect$$$$00000004)
    .ARM.Collect$$$$00000008                 0x080000d4   Section        0  entry7b.o(.ARM.Collect$$$$00000008)
    .ARM.Collect$$$$0000000A                 0x080000d4   Section        0  entry8b.o(.ARM.Collect$$$$0000000A)
    .ARM.Collect$$$$0000000B                 0x080000d4   Section        8  entry9a.o(.ARM.Collect$$$$0000000B)
    .ARM.Collect$$$$0000000D                 0x080000dc   Section        0  entry10a.o(.ARM.Collect$$$$0000000D)
    .ARM.Collect$$$$0000000F                 0x080000dc   Section        0  entry11a.o(.ARM.Collect$$$$0000000F)
    .ARM.Collect$$$$00002712                 0x080000dc   Section        4  entry2.o(.ARM.Collect$$$$00002712)
    __lit__00000000                          0x080000dc   Data           4  entry2.o(.ARM.Collect$$$$00002712)
    .text                                    0x080000e0   Section       36  startup_at32f421c8t7.o(.text)
    .text                                    0x08000104   Section        0  fdiv.o(.text)
    .text                                    0x08000180   Section        0  fscalb.o(.text)
    .text                                    0x08000198   Section        0  ffltui.o(.text)
    .text                                    0x080001a2   Section        0  uidiv.o(.text)
    .text                                    0x080001ce   Section        0  fepilogue.o(.text)
    .text                                    0x080001ce   Section        0  iusefp.o(.text)
    .text                                    0x0800023c   Section       36  init.o(.text)
    i.ADC_Configuration                      0x08000260   Section        0  myadc.o(i.ADC_Configuration)
    i.ADC_Ctrl                               0x080002a4   Section        0  at32f4xx_adc.o(i.ADC_Ctrl)
    i.ADC_DMACtrl                            0x0800031c   Section        0  at32f4xx_adc.o(i.ADC_DMACtrl)
    i.ADC_GetCalibrationStatus               0x08000394   Section        0  at32f4xx_adc.o(i.ADC_GetCalibrationStatus)
    i.ADC_GetResetCalibrationStatus          0x080003f8   Section        0  at32f4xx_adc.o(i.ADC_GetResetCalibrationStatus)
    i.ADC_Init                               0x0800045c   Section        0  at32f4xx_adc.o(i.ADC_Init)
    i.ADC_RegularChannelConfig               0x08000574   Section        0  at32f4xx_adc.o(i.ADC_RegularChannelConfig)
    i.ADC_RstCalibration                     0x080006d0   Section        0  at32f4xx_adc.o(i.ADC_RstCalibration)
    i.ADC_START                              0x08000730   Section        0  myadc.o(i.ADC_START)
    i.ADC_SoftwareStartConvCtrl              0x08000784   Section        0  at32f4xx_adc.o(i.ADC_SoftwareStartConvCtrl)
    i.ADC_StartCalibration                   0x080007fc   Section        0  at32f4xx_adc.o(i.ADC_StartCalibration)
    i.ADC_StructInit                         0x0800085c   Section        0  at32f4xx_adc.o(i.ADC_StructInit)
    i.BusFault_Handler                       0x0800086e   Section        0  at32f4xx_it.o(i.BusFault_Handler)
    i.DMA_ChannelEnable                      0x08000870   Section        0  at32f4xx_dma.o(i.DMA_ChannelEnable)
    i.DMA_Configuration                      0x0800090c   Section        0  myadc.o(i.DMA_Configuration)
    i.DMA_DefaultInitParaConfig              0x08000964   Section        0  at32f4xx_dma.o(i.DMA_DefaultInitParaConfig)
    i.DMA_Init                               0x08000980   Section        0  at32f4xx_dma.o(i.DMA_Init)
    i.DMA_Reset                              0x08000ae0   Section        0  at32f4xx_dma.o(i.DMA_Reset)
    i.DebugMon_Handler                       0x08000bb4   Section        0  at32f4xx_it.o(i.DebugMon_Handler)
    i.GPIO_Configuration                     0x08000bb8   Section        0  myadc.o(i.GPIO_Configuration)
    i.GPIO_Init                              0x08000be4   Section        0  at32f4xx_gpio_ex.o(i.GPIO_Init)
    i.GPIO_PinAFConfig                       0x08000d9c   Section        0  at32f4xx_gpio_ex.o(i.GPIO_PinAFConfig)
    i.GPIO_StructInit                        0x08000ea0   Section        0  at32f4xx_gpio_ex.o(i.GPIO_StructInit)
    i.HardFault_Handler                      0x08000eb4   Section        0  at32f4xx_it.o(i.HardFault_Handler)
    i.MemManage_Handler                      0x08000eb6   Section        0  at32f4xx_it.o(i.MemManage_Handler)
    i.NMI_Handler                            0x08000eb8   Section        0  at32f4xx_it.o(i.NMI_Handler)
    i.PendSV_Handler                         0x08000eba   Section        0  at32f4xx_it.o(i.PendSV_Handler)
    i.RCC_ADCCLKConfig                       0x08000ebc   Section        0  at32f4xx_rcc.o(i.RCC_ADCCLKConfig)
    i.RCC_AHBPeriphClockCmd                  0x08000f44   Section        0  at32f4xx_rcc.o(i.RCC_AHBPeriphClockCmd)
    i.RCC_APB2PeriphClockCmd                 0x08000fc0   Section        0  at32f4xx_rcc.o(i.RCC_APB2PeriphClockCmd)
    i.RCC_Configuration                      0x0800103c   Section        0  myadc.o(i.RCC_Configuration)
    i.RCC_GetClocksFreq                      0x08001064   Section        0  at32f4xx_rcc.o(i.RCC_GetClocksFreq)
    i.RCC_PLLFrefTableConfig                 0x08001198   Section        0  at32f4xx_rcc.o(i.RCC_PLLFrefTableConfig)
    i.RCC_StepModeCmd                        0x08001258   Section        0  at32f4xx_rcc.o(i.RCC_StepModeCmd)
    i.SVC_Handler                            0x080012c0   Section        0  at32f4xx_it.o(i.SVC_Handler)
    i.SetSysClockTo120M                      0x080012c4   Section        0  system_at32f4xx.o(i.SetSysClockTo120M)
    SetSysClockTo120M                        0x080012c5   Thumb Code   174  system_at32f4xx.o(i.SetSysClockTo120M)
    i.SysTick_Handler                        0x08001384   Section        0  at32f4xx_it.o(i.SysTick_Handler)
    i.SystemInit                             0x08001388   Section        0  system_at32f4xx.o(i.SystemInit)
    i.UART_Print_Init                        0x080013e8   Section        0  at32_board.o(i.UART_Print_Init)
    i.USART_Cmd                              0x0800149c   Section        0  at32f4xx_usart.o(i.USART_Cmd)
    i.USART_GetFlagStatus                    0x08001520   Section        0  at32f4xx_usart.o(i.USART_GetFlagStatus)
    i.USART_INTConfig                        0x080015d8   Section        0  at32f4xx_usart.o(i.USART_INTConfig)
    i.USART_Init                             0x080016d4   Section        0  at32f4xx_usart.o(i.USART_Init)
    i.USART_SendData                         0x08001878   Section        0  at32f4xx_usart.o(i.USART_SendData)
    i.USART_StructInit                       0x080018f0   Section        0  at32f4xx_usart.o(i.USART_StructInit)
    i.UsageFault_Handler                     0x08001906   Section        0  at32f4xx_it.o(i.UsageFault_Handler)
    i.__0printf$1                            0x08001908   Section        0  printf1.o(i.__0printf$1)
    i.__scatterload_copy                     0x08001928   Section       14  handlers.o(i.__scatterload_copy)
    i.__scatterload_null                     0x08001936   Section        2  handlers.o(i.__scatterload_null)
    i.__scatterload_zeroinit                 0x08001938   Section       14  handlers.o(i.__scatterload_zeroinit)
    i._printf_core                           0x08001948   Section        0  printf1.o(i._printf_core)
    _printf_core                             0x08001949   Thumb Code   336  printf1.o(i._printf_core)
    i.assert_failed                          0x08001a9c   Section        0  main.o(i.assert_failed)
    i.fputc                                  0x08001aa0   Section        0  at32_board.o(i.fputc)
    i.main                                   0x08001ac4   Section        0  main.o(i.main)
    .constdata                               0x08001b28   Section       16  at32f4xx_rcc.o(.constdata)
    APBAHBPscTable                           0x08001b28   Data           8  at32f4xx_rcc.o(.constdata)
    ADCPscTable                              0x08001b30   Data           8  at32f4xx_rcc.o(.constdata)
    .data                                    0x20000000   Section        2  myadc.o(.data)
    .data                                    0x20000004   Section        4  at32_board.o(.data)
    STACK                                    0x20000008   Section     1024  startup_at32f421c8t7.o(STACK)

    Global Symbols

    Symbol Name                              Value     Ov Type        Size  Object(Section)

    BuildAttributes$$THM_ISAv4$E$P$D$K$B$S$7EM$PE$A:L22UL41UL21$X:L11$S22US41US21$IEEE1$IW$USESV6$~STKCKD$USESV7$~SHL$OTIME$ROPI$EBA8$MICROLIB$REQ8$PRES8$EABIv2 0x00000000   Number         0  anon$$obj.o ABSOLUTE
    __ARM_use_no_argv                        0x00000000   Number         0  main.o ABSOLUTE
    __use_no_errno                           0x00000000   Number         0  useno.o ABSOLUTE
    __use_no_exception_handling              0x00000000   Number         0  useno.o ABSOLUTE
    __use_no_fp                              0x00000000   Number         0  useno.o ABSOLUTE
    __use_no_heap                            0x00000000   Number         0  useno.o ABSOLUTE
    __use_no_heap_region                     0x00000000   Number         0  useno.o ABSOLUTE
    __use_no_semihosting                     0x00000000   Number         0  useno.o ABSOLUTE
    __use_no_semihosting_swi                 0x00000000   Number         0  useno.o ABSOLUTE
    __use_no_signal_handling                 0x00000000   Number         0  useno.o ABSOLUTE
    _printf_a                                0x00000000   Number         0  stubs.o ABSOLUTE
    _printf_c                                0x00000000   Number         0  stubs.o ABSOLUTE
    _printf_charcount                        0x00000000   Number         0  stubs.o ABSOLUTE
    _printf_d                                0x00000000   Number         0  stubs.o ABSOLUTE
    _printf_e                                0x00000000   Number         0  stubs.o ABSOLUTE
    _printf_f                                0x00000000   Number         0  stubs.o ABSOLUTE
    _printf_flags                            0x00000000   Number         0  stubs.o ABSOLUTE
    _printf_fp_dec                           0x00000000   Number         0  stubs.o ABSOLUTE
    _printf_fp_hex                           0x00000000   Number         0  stubs.o ABSOLUTE
    _printf_g                                0x00000000   Number         0  stubs.o ABSOLUTE
    _printf_i                                0x00000000   Number         0  stubs.o ABSOLUTE
    _printf_int_dec                          0x00000000   Number         0  stubs.o ABSOLUTE
    _printf_l                                0x00000000   Number         0  stubs.o ABSOLUTE
    _printf_lc                               0x00000000   Number         0  stubs.o ABSOLUTE
    _printf_ll                               0x00000000   Number         0  stubs.o ABSOLUTE
    _printf_lld                              0x00000000   Number         0  stubs.o ABSOLUTE
    _printf_lli                              0x00000000   Number         0  stubs.o ABSOLUTE
    _printf_llo                              0x00000000   Number         0  stubs.o ABSOLUTE
    _printf_llu                              0x00000000   Number         0  stubs.o ABSOLUTE
    _printf_llx                              0x00000000   Number         0  stubs.o ABSOLUTE
    _printf_longlong_dec                     0x00000000   Number         0  stubs.o ABSOLUTE
    _printf_longlong_hex                     0x00000000   Number         0  stubs.o ABSOLUTE
    _printf_longlong_oct                     0x00000000   Number         0  stubs.o ABSOLUTE
    _printf_ls                               0x00000000   Number         0  stubs.o ABSOLUTE
    _printf_mbtowc                           0x00000000   Number         0  stubs.o ABSOLUTE
    _printf_n                                0x00000000   Number         0  stubs.o ABSOLUTE
    _printf_o                                0x00000000   Number         0  stubs.o ABSOLUTE
    _printf_p                                0x00000000   Number         0  stubs.o ABSOLUTE
    _printf_percent                          0x00000000   Number         0  stubs.o ABSOLUTE
    _printf_pre_padding                      0x00000000   Number         0  stubs.o ABSOLUTE
    _printf_return_value                     0x00000000   Number         0  stubs.o ABSOLUTE
    _printf_s                                0x00000000   Number         0  stubs.o ABSOLUTE
    _printf_sizespec                         0x00000000   Number         0  stubs.o ABSOLUTE
    _printf_str                              0x00000000   Number         0  stubs.o ABSOLUTE
    _printf_truncate_signed                  0x00000000   Number         0  stubs.o ABSOLUTE
    _printf_truncate_unsigned                0x00000000   Number         0  stubs.o ABSOLUTE
    _printf_u                                0x00000000   Number         0  stubs.o ABSOLUTE
    _printf_wc                               0x00000000   Number         0  stubs.o ABSOLUTE
    _printf_wctomb                           0x00000000   Number         0  stubs.o ABSOLUTE
    _printf_widthprec                        0x00000000   Number         0  stubs.o ABSOLUTE
    _printf_x                                0x00000000   Number         0  stubs.o ABSOLUTE
    __cpp_initialize__aeabi_                  - Undefined Weak Reference
    __cxa_finalize                            - Undefined Weak Reference
    __decompress                              - Undefined Weak Reference
    _clock_init                               - Undefined Weak Reference
    _microlib_exit                            - Undefined Weak Reference
    __Vectors_Size                           0x000000cc   Number         0  startup_at32f421c8t7.o ABSOLUTE
    __Vectors                                0x08000000   Data           4  startup_at32f421c8t7.o(RESET)
    __Vectors_End                            0x080000cc   Data           0  startup_at32f421c8t7.o(RESET)
    __main                                   0x080000cd   Thumb Code     0  entry.o(.ARM.Collect$$$$00000000)
    _main_stk                                0x080000cd   Thumb Code     0  entry2.o(.ARM.Collect$$$$00000001)
    _main_scatterload                        0x080000d1   Thumb Code     0  entry5.o(.ARM.Collect$$$$00000004)
    __main_after_scatterload                 0x080000d5   Thumb Code     0  entry5.o(.ARM.Collect$$$$00000004)
    _main_clock                              0x080000d5   Thumb Code     0  entry7b.o(.ARM.Collect$$$$00000008)
    _main_cpp_init                           0x080000d5   Thumb Code     0  entry8b.o(.ARM.Collect$$$$0000000A)
    _main_init                               0x080000d5   Thumb Code     0  entry9a.o(.ARM.Collect$$$$0000000B)
    __rt_final_cpp                           0x080000dd   Thumb Code     0  entry10a.o(.ARM.Collect$$$$0000000D)
    __rt_final_exit                          0x080000dd   Thumb Code     0  entry11a.o(.ARM.Collect$$$$0000000F)
    Reset_Handler                            0x080000e1   Thumb Code     8  startup_at32f421c8t7.o(.text)
    ADC_COMP_IRQHandler                      0x080000fb   Thumb Code     0  startup_at32f421c8t7.o(.text)
    DMA1_Channel1_IRQHandler                 0x080000fb   Thumb Code     0  startup_at32f421c8t7.o(.text)
    DMA1_Channel3_2_IRQHandler               0x080000fb   Thumb Code     0  startup_at32f421c8t7.o(.text)
    DMA1_Channel7_4_IRQHandler               0x080000fb   Thumb Code     0  startup_at32f421c8t7.o(.text)
    ERTC_IRQHandler                          0x080000fb   Thumb Code     0  startup_at32f421c8t7.o(.text)
    EXTI15_4_IRQHandler                      0x080000fb   Thumb Code     0  startup_at32f421c8t7.o(.text)
    EXTI1_0_IRQHandler                       0x080000fb   Thumb Code     0  startup_at32f421c8t7.o(.text)
    EXTI3_2_IRQHandler                       0x080000fb   Thumb Code     0  startup_at32f421c8t7.o(.text)
    FLASH_IRQHandler                         0x080000fb   Thumb Code     0  startup_at32f421c8t7.o(.text)
    I2C1_ER_IRQHandler                       0x080000fb   Thumb Code     0  startup_at32f421c8t7.o(.text)
    I2C1_EV_IRQHandler                       0x080000fb   Thumb Code     0  startup_at32f421c8t7.o(.text)
    I2C2_ER_IRQHandler                       0x080000fb   Thumb Code     0  startup_at32f421c8t7.o(.text)
    I2C2_EV_IRQHandler                       0x080000fb   Thumb Code     0  startup_at32f421c8t7.o(.text)
    PVD_IRQHandler                           0x080000fb   Thumb Code     0  startup_at32f421c8t7.o(.text)
    RCC_IRQHandler                           0x080000fb   Thumb Code     0  startup_at32f421c8t7.o(.text)
    SPI1_IRQHandler                          0x080000fb   Thumb Code     0  startup_at32f421c8t7.o(.text)
    SPI2_IRQHandler                          0x080000fb   Thumb Code     0  startup_at32f421c8t7.o(.text)
    TMR14_GLOBAL_IRQHandler                  0x080000fb   Thumb Code     0  startup_at32f421c8t7.o(.text)
    TMR15_GLOBAL_IRQHandler                  0x080000fb   Thumb Code     0  startup_at32f421c8t7.o(.text)
    TMR16_GLOBAL_IRQHandler                  0x080000fb   Thumb Code     0  startup_at32f421c8t7.o(.text)
    TMR17_GLOBAL_IRQHandler                  0x080000fb   Thumb Code     0  startup_at32f421c8t7.o(.text)
    TMR1_BRK_UP_TRG_COM_IRQHandler           0x080000fb   Thumb Code     0  startup_at32f421c8t7.o(.text)
    TMR1_CC_IRQHandler                       0x080000fb   Thumb Code     0  startup_at32f421c8t7.o(.text)
    TMR3_GLOBAL_IRQHandler                   0x080000fb   Thumb Code     0  startup_at32f421c8t7.o(.text)
    TMR6_GLOBAL_IRQHandler                   0x080000fb   Thumb Code     0  startup_at32f421c8t7.o(.text)
    USART1_IRQHandler                        0x080000fb   Thumb Code     0  startup_at32f421c8t7.o(.text)
    USART2_IRQHandler                        0x080000fb   Thumb Code     0  startup_at32f421c8t7.o(.text)
    WWDG_IRQHandler                          0x080000fb   Thumb Code     0  startup_at32f421c8t7.o(.text)
    __aeabi_fdiv                             0x08000105   Thumb Code   124  fdiv.o(.text)
    __ARM_scalbnf                            0x08000181   Thumb Code    24  fscalb.o(.text)
    scalbnf                                  0x08000181   Thumb Code     0  fscalb.o(.text)
    __aeabi_ui2f                             0x08000199   Thumb Code    10  ffltui.o(.text)
    __aeabi_uidiv                            0x080001a3   Thumb Code     0  uidiv.o(.text)
    __aeabi_uidivmod                         0x080001a3   Thumb Code    44  uidiv.o(.text)
    __I$use$fp                               0x080001cf   Thumb Code     0  iusefp.o(.text)
    _float_round                             0x080001cf   Thumb Code    18  fepilogue.o(.text)
    _float_epilogue                          0x080001e1   Thumb Code    92  fepilogue.o(.text)
    __scatterload                            0x0800023d   Thumb Code    28  init.o(.text)
    __scatterload_rt2                        0x0800023d   Thumb Code     0  init.o(.text)
    ADC_Configuration                        0x08000261   Thumb Code    62  myadc.o(i.ADC_Configuration)
    ADC_Ctrl                                 0x080002a5   Thumb Code    56  at32f4xx_adc.o(i.ADC_Ctrl)
    ADC_DMACtrl                              0x0800031d   Thumb Code    56  at32f4xx_adc.o(i.ADC_DMACtrl)
    ADC_GetCalibrationStatus                 0x08000395   Thumb Code    34  at32f4xx_adc.o(i.ADC_GetCalibrationStatus)
    ADC_GetResetCalibrationStatus            0x080003f9   Thumb Code    34  at32f4xx_adc.o(i.ADC_GetResetCalibrationStatus)
    ADC_Init                                 0x0800045d   Thumb Code   206  at32f4xx_adc.o(i.ADC_Init)
    ADC_RegularChannelConfig                 0x08000575   Thumb Code   282  at32f4xx_adc.o(i.ADC_RegularChannelConfig)
    ADC_RstCalibration                       0x080006d1   Thumb Code    30  at32f4xx_adc.o(i.ADC_RstCalibration)
    ADC_START                                0x08000731   Thumb Code    80  myadc.o(i.ADC_START)
    ADC_SoftwareStartConvCtrl                0x08000785   Thumb Code    56  at32f4xx_adc.o(i.ADC_SoftwareStartConvCtrl)
    ADC_StartCalibration                     0x080007fd   Thumb Code    30  at32f4xx_adc.o(i.ADC_StartCalibration)
    ADC_StructInit                           0x0800085d   Thumb Code    18  at32f4xx_adc.o(i.ADC_StructInit)
    BusFault_Handler                         0x0800086f   Thumb Code     2  at32f4xx_it.o(i.BusFault_Handler)
    DMA_ChannelEnable                        0x08000871   Thumb Code    90  at32f4xx_dma.o(i.DMA_ChannelEnable)
    DMA_Configuration                        0x0800090d   Thumb Code    76  myadc.o(i.DMA_Configuration)
    DMA_DefaultInitParaConfig                0x08000965   Thumb Code    26  at32f4xx_dma.o(i.DMA_DefaultInitParaConfig)
    DMA_Init                                 0x08000981   Thumb Code   288  at32f4xx_dma.o(i.DMA_Init)
    DMA_Reset                                0x08000ae1   Thumb Code   148  at32f4xx_dma.o(i.DMA_Reset)
    DebugMon_Handler                         0x08000bb5   Thumb Code     2  at32f4xx_it.o(i.DebugMon_Handler)
    GPIO_Configuration                       0x08000bb9   Thumb Code    38  myadc.o(i.GPIO_Configuration)
    GPIO_Init                                0x08000be5   Thumb Code   364  at32f4xx_gpio_ex.o(i.GPIO_Init)
    GPIO_PinAFConfig                         0x08000d9d   Thumb Code   184  at32f4xx_gpio_ex.o(i.GPIO_PinAFConfig)
    GPIO_StructInit                          0x08000ea1   Thumb Code    20  at32f4xx_gpio_ex.o(i.GPIO_StructInit)
    HardFault_Handler                        0x08000eb5   Thumb Code     2  at32f4xx_it.o(i.HardFault_Handler)
    MemManage_Handler                        0x08000eb7   Thumb Code     2  at32f4xx_it.o(i.MemManage_Handler)
    NMI_Handler                              0x08000eb9   Thumb Code     2  at32f4xx_it.o(i.NMI_Handler)
    PendSV_Handler                           0x08000ebb   Thumb Code     2  at32f4xx_it.o(i.PendSV_Handler)
    RCC_ADCCLKConfig                         0x08000ebd   Thumb Code    62  at32f4xx_rcc.o(i.RCC_ADCCLKConfig)
    RCC_AHBPeriphClockCmd                    0x08000f45   Thumb Code    56  at32f4xx_rcc.o(i.RCC_AHBPeriphClockCmd)
    RCC_APB2PeriphClockCmd                   0x08000fc1   Thumb Code    56  at32f4xx_rcc.o(i.RCC_APB2PeriphClockCmd)
    RCC_Configuration                        0x0800103d   Thumb Code    38  myadc.o(i.RCC_Configuration)
    RCC_GetClocksFreq                        0x08001065   Thumb Code   288  at32f4xx_rcc.o(i.RCC_GetClocksFreq)
    RCC_PLLFrefTableConfig                   0x08001199   Thumb Code   134  at32f4xx_rcc.o(i.RCC_PLLFrefTableConfig)
    RCC_StepModeCmd                          0x08001259   Thumb Code    38  at32f4xx_rcc.o(i.RCC_StepModeCmd)
    SVC_Handler                              0x080012c1   Thumb Code     2  at32f4xx_it.o(i.SVC_Handler)
    SysTick_Handler                          0x08001385   Thumb Code     2  at32f4xx_it.o(i.SysTick_Handler)
    SystemInit                               0x08001389   Thumb Code    72  system_at32f4xx.o(i.SystemInit)
    UART_Print_Init                          0x080013e9   Thumb Code   174  at32_board.o(i.UART_Print_Init)
    USART_Cmd                                0x0800149d   Thumb Code    62  at32f4xx_usart.o(i.USART_Cmd)
    USART_GetFlagStatus                      0x08001521   Thumb Code   116  at32f4xx_usart.o(i.USART_GetFlagStatus)
    USART_INTConfig                          0x080015d9   Thumb Code   184  at32f4xx_usart.o(i.USART_INTConfig)
    USART_Init                               0x080016d5   Thumb Code   346  at32f4xx_usart.o(i.USART_Init)
    USART_SendData                           0x08001879   Thumb Code    52  at32f4xx_usart.o(i.USART_SendData)
    USART_StructInit                         0x080018f1   Thumb Code    22  at32f4xx_usart.o(i.USART_StructInit)
    UsageFault_Handler                       0x08001907   Thumb Code     2  at32f4xx_it.o(i.UsageFault_Handler)
    __0printf$1                              0x08001909   Thumb Code    22  printf1.o(i.__0printf$1)
    __1printf$1                              0x08001909   Thumb Code     0  printf1.o(i.__0printf$1)
    __2printf                                0x08001909   Thumb Code     0  printf1.o(i.__0printf$1)
    __scatterload_copy                       0x08001929   Thumb Code    14  handlers.o(i.__scatterload_copy)
    __scatterload_null                       0x08001937   Thumb Code     2  handlers.o(i.__scatterload_null)
    __scatterload_zeroinit                   0x08001939   Thumb Code    14  handlers.o(i.__scatterload_zeroinit)
    assert_failed                            0x08001a9d   Thumb Code     2  main.o(i.assert_failed)
    fputc                                    0x08001aa1   Thumb Code    30  at32_board.o(i.fputc)
    main                                     0x08001ac5   Thumb Code    40  main.o(i.main)
    Region$$Table$$Base                      0x08001b38   Number         0  anon$$obj.o(Region$$Table)
    Region$$Table$$Limit                     0x08001b58   Number         0  anon$$obj.o(Region$$Table)
    ADCConvertedValue                        0x20000000   Data           2  myadc.o(.data)
    __stdout                                 0x20000004   Data           4  at32_board.o(.data)
    __initial_sp                             0x20000408   Data           0  startup_at32f421c8t7.o(STACK)



==============================================================================

Memory Map of the image

  Image Entry point : 0x080000cd

  Load Region LR_IROM1 (Base: 0x08000000, Size: 0x00001b60, Max: 0x00010000, ABSOLUTE)

    Execution Region ER_IROM1 (Base: 0x08000000, Size: 0x00001b58, Max: 0x00010000, ABSOLUTE)

    Base Addr    Size         Type   Attr      Idx    E Section Name        Object

    0x08000000   0x000000cc   Data   RO          438    RESET               startup_at32f421c8t7.o
    0x080000cc   0x00000000   Code   RO         1357  * .ARM.Collect$$$$00000000  mc_w.l(entry.o)
    0x080000cc   0x00000004   Code   RO         1631    .ARM.Collect$$$$00000001  mc_w.l(entry2.o)
    0x080000d0   0x00000004   Code   RO         1634    .ARM.Collect$$$$00000004  mc_w.l(entry5.o)
    0x080000d4   0x00000000   Code   RO         1636    .ARM.Collect$$$$00000008  mc_w.l(entry7b.o)
    0x080000d4   0x00000000   Code   RO         1638    .ARM.Collect$$$$0000000A  mc_w.l(entry8b.o)
    0x080000d4   0x00000008   Code   RO         1639    .ARM.Collect$$$$0000000B  mc_w.l(entry9a.o)
    0x080000dc   0x00000000   Code   RO         1641    .ARM.Collect$$$$0000000D  mc_w.l(entry10a.o)
    0x080000dc   0x00000000   Code   RO         1643    .ARM.Collect$$$$0000000F  mc_w.l(entry11a.o)
    0x080000dc   0x00000004   Code   RO         1632    .ARM.Collect$$$$00002712  mc_w.l(entry2.o)
    0x080000e0   0x00000024   Code   RO          439    .text               startup_at32f421c8t7.o
    0x08000104   0x0000007c   Code   RO         1623    .text               mf_w.l(fdiv.o)
    0x08000180   0x00000018   Code   RO         1625    .text               mf_w.l(fscalb.o)
    0x08000198   0x0000000a   Code   RO         1627    .text               mf_w.l(ffltui.o)
    0x080001a2   0x0000002c   Code   RO         1645    .text               mc_w.l(uidiv.o)
    0x080001ce   0x00000000   Code   RO         1649    .text               mc_w.l(iusefp.o)
    0x080001ce   0x0000006e   Code   RO         1650    .text               mf_w.l(fepilogue.o)
    0x0800023c   0x00000024   Code   RO         1662    .text               mc_w.l(init.o)
    0x08000260   0x00000044   Code   RO          227    i.ADC_Configuration  myadc.o
    0x080002a4   0x00000078   Code   RO          994    i.ADC_Ctrl          at32f4xx_adc.o
    0x0800031c   0x00000078   Code   RO          995    i.ADC_DMACtrl       at32f4xx_adc.o
    0x08000394   0x00000064   Code   RO         1001    i.ADC_GetCalibrationStatus  at32f4xx_adc.o
    0x080003f8   0x00000064   Code   RO         1007    i.ADC_GetResetCalibrationStatus  at32f4xx_adc.o
    0x0800045c   0x00000118   Code   RO         1011    i.ADC_Init          at32f4xx_adc.o
    0x08000574   0x0000015c   Code   RO         1015    i.ADC_RegularChannelConfig  at32f4xx_adc.o
    0x080006d0   0x00000060   Code   RO         1017    i.ADC_RstCalibration  at32f4xx_adc.o
    0x08000730   0x00000054   Code   RO          228    i.ADC_START         myadc.o
    0x08000784   0x00000078   Code   RO         1019    i.ADC_SoftwareStartConvCtrl  at32f4xx_adc.o
    0x080007fc   0x00000060   Code   RO         1021    i.ADC_StartCalibration  at32f4xx_adc.o
    0x0800085c   0x00000012   Code   RO         1022    i.ADC_StructInit    at32f4xx_adc.o
    0x0800086e   0x00000002   Code   RO          152    i.BusFault_Handler  at32f4xx_it.o
    0x08000870   0x0000009c   Code   RO         1222    i.DMA_ChannelEnable  at32f4xx_dma.o
    0x0800090c   0x00000058   Code   RO          229    i.DMA_Configuration  myadc.o
    0x08000964   0x0000001a   Code   RO         1225    i.DMA_DefaultInitParaConfig  at32f4xx_dma.o
    0x0800097e   0x00000002   PAD
    0x08000980   0x00000160   Code   RO         1231    i.DMA_Init          at32f4xx_dma.o
    0x08000ae0   0x000000d4   Code   RO         1232    i.DMA_Reset         at32f4xx_dma.o
    0x08000bb4   0x00000002   Code   RO          153    i.DebugMon_Handler  at32f4xx_it.o
    0x08000bb6   0x00000002   PAD
    0x08000bb8   0x0000002c   Code   RO          230    i.GPIO_Configuration  myadc.o
    0x08000be4   0x000001b8   Code   RO          446    i.GPIO_Init         at32f4xx_gpio_ex.o
    0x08000d9c   0x00000104   Code   RO          447    i.GPIO_PinAFConfig  at32f4xx_gpio_ex.o
    0x08000ea0   0x00000014   Code   RO          456    i.GPIO_StructInit   at32f4xx_gpio_ex.o
    0x08000eb4   0x00000002   Code   RO          154    i.HardFault_Handler  at32f4xx_it.o
    0x08000eb6   0x00000002   Code   RO          155    i.MemManage_Handler  at32f4xx_it.o
    0x08000eb8   0x00000002   Code   RO          156    i.NMI_Handler       at32f4xx_it.o
    0x08000eba   0x00000002   Code   RO          157    i.PendSV_Handler    at32f4xx_it.o
    0x08000ebc   0x00000088   Code   RO          542    i.RCC_ADCCLKConfig  at32f4xx_rcc.o
    0x08000f44   0x0000007c   Code   RO          544    i.RCC_AHBPeriphClockCmd  at32f4xx_rcc.o
    0x08000fc0   0x0000007c   Code   RO          550    i.RCC_APB2PeriphClockCmd  at32f4xx_rcc.o
    0x0800103c   0x00000026   Code   RO          231    i.RCC_Configuration  myadc.o
    0x08001062   0x00000002   PAD
    0x08001064   0x00000134   Code   RO          558    i.RCC_GetClocksFreq  at32f4xx_rcc.o
    0x08001198   0x000000c0   Code   RO          571    i.RCC_PLLFrefTableConfig  at32f4xx_rcc.o
    0x08001258   0x00000068   Code   RO          577    i.RCC_StepModeCmd   at32f4xx_rcc.o
    0x080012c0   0x00000002   Code   RO          158    i.SVC_Handler       at32f4xx_it.o
    0x080012c2   0x00000002   PAD
    0x080012c4   0x000000c0   Code   RO          398    i.SetSysClockTo120M  system_at32f4xx.o
    0x08001384   0x00000002   Code   RO          159    i.SysTick_Handler   at32f4xx_it.o
    0x08001386   0x00000002   PAD
    0x08001388   0x00000060   Code   RO          400    i.SystemInit        system_at32f4xx.o
    0x080013e8   0x000000b4   Code   RO          290    i.UART_Print_Init   at32_board.o
    0x0800149c   0x00000084   Code   RO          794    i.USART_Cmd         at32f4xx_usart.o
    0x08001520   0x000000b8   Code   RO          796    i.USART_GetFlagStatus  at32f4xx_usart.o
    0x080015d8   0x000000fc   Code   RO          799    i.USART_INTConfig   at32f4xx_usart.o
    0x080016d4   0x000001a4   Code   RO          800    i.USART_Init        at32f4xx_usart.o
    0x08001878   0x00000078   Code   RO          812    i.USART_SendData    at32f4xx_usart.o
    0x080018f0   0x00000016   Code   RO          818    i.USART_StructInit  at32f4xx_usart.o
    0x08001906   0x00000002   Code   RO          160    i.UsageFault_Handler  at32f4xx_it.o
    0x08001908   0x00000020   Code   RO         1405    i.__0printf$1       mc_w.l(printf1.o)
    0x08001928   0x0000000e   Code   RO         1674    i.__scatterload_copy  mc_w.l(handlers.o)
    0x08001936   0x00000002   Code   RO         1675    i.__scatterload_null  mc_w.l(handlers.o)
    0x08001938   0x0000000e   Code   RO         1676    i.__scatterload_zeroinit  mc_w.l(handlers.o)
    0x08001946   0x00000002   PAD
    0x08001948   0x00000154   Code   RO         1412    i._printf_core      mc_w.l(printf1.o)
    0x08001a9c   0x00000002   Code   RO            4    i.assert_failed     main.o
    0x08001a9e   0x00000002   PAD
    0x08001aa0   0x00000024   Code   RO          292    i.fputc             at32_board.o
    0x08001ac4   0x00000064   Code   RO            5    i.main              main.o
    0x08001b28   0x00000010   Data   RO          580    .constdata          at32f4xx_rcc.o
    0x08001b38   0x00000020   Data   RO         1672    Region$$Table       anon$$obj.o


    Execution Region RW_IRAM1 (Base: 0x20000000, Size: 0x00000408, Max: 0x00004000, ABSOLUTE)

    Base Addr    Size         Type   Attr      Idx    E Section Name        Object

    0x20000000   0x00000002   Data   RW          232    .data               myadc.o
    0x20000002   0x00000002   PAD
    0x20000004   0x00000004   Data   RW          294    .data               at32_board.o
    0x20000008   0x00000400   Zero   RW          436    STACK               startup_at32f421c8t7.o


==============================================================================

Image component sizes


      Code (inc. data)   RO Data    RW Data    ZI Data      Debug   Object Name

       216         12          0          4          0       3679   at32_board.o
      1398        596          0          0          0       8855   at32f4xx_adc.o
       746        194          0          0          0       4443   at32f4xx_dma.o
       720        152          0          0          0       3325   at32f4xx_gpio_ex.o
        18          0          0          0          0       3642   at32f4xx_it.o
       988        360         16          0          0       6507   at32f4xx_rcc.o
      1130        348          0          0          0       6201   at32f4xx_usart.o
       102         60          0          0          0     271131   main.o
       322         28          0          2          0       2987   myadc.o
        36          8        204          0       1024        832   startup_at32f421c8t7.o
       288         42          0          0          0       1625   system_at32f4xx.o

    ----------------------------------------------------------------------
      5976       1800        252          8       1024     313227   Object Totals
         0          0         32          0          0          0   (incl. Generated)
        12          0          0          2          0          0   (incl. Padding)

    ----------------------------------------------------------------------

      Code (inc. data)   RO Data    RW Data    ZI Data      Debug   Library Member Name

         0          0          0          0          0          0   entry.o
         0          0          0          0          0          0   entry10a.o
         0          0          0          0          0          0   entry11a.o
         8          4          0          0          0          0   entry2.o
         4          0          0          0          0          0   entry5.o
         0          0          0          0          0          0   entry7b.o
         0          0          0          0          0          0   entry8b.o
         8          4          0          0          0          0   entry9a.o
        30          0          0          0          0          0   handlers.o
        36          8          0          0          0         68   init.o
         0          0          0          0          0          0   iusefp.o
       372         14          0          0          0        184   printf1.o
        44          0          0          0          0         80   uidiv.o
       124          0          0          0          0         88   fdiv.o
       110          0          0          0          0        168   fepilogue.o
        10          0          0          0          0         68   ffltui.o
        24          0          0          0          0         68   fscalb.o

    ----------------------------------------------------------------------
       772         30          0          0          0        724   Library Totals
         2          0          0          0          0          0   (incl. Padding)

    ----------------------------------------------------------------------

      Code (inc. data)   RO Data    RW Data    ZI Data      Debug   Library Name

       502         30          0          0          0        332   mc_w.l
       268          0          0          0          0        392   mf_w.l

    ----------------------------------------------------------------------
       772         30          0          0          0        724   Library Totals

    ----------------------------------------------------------------------

==============================================================================


      Code (inc. data)   RO Data    RW Data    ZI Data      Debug   

      6748       1830        252          8       1024     311399   Grand Totals
      6748       1830        252          8       1024     311399   ELF Image Totals
      6748       1830        252          8          0          0   ROM Totals

==============================================================================

    Total RO  Size (Code + RO Data)                 7000 (   6.84kB)
    Total RW  Size (RW Data + ZI Data)              1032 (   1.01kB)
    Total ROM Size (Code + RO Data + RW Data)       7008 (   6.84kB)

==============================================================================

