<html>
<body>
<pre>
<h1>µVision Build Log</h1>
<h2>Tool Versions:</h2>
IDE-Version: ¦ÌVision V5.20.0.0
Copyright (C) 2016 ARM Ltd and ARM Germany GmbH. All rights reserved.
License Information: Z ZDJ, 123, LIC=KIVNB-24NZL-C2VL6-DWFYN-ISF4M-KVY9I
 
Tool Versions:
Toolchain:       MDK-ARM Professional  Version: 5.20
Toolchain Path:  D:\SDE\Keil\Keil_v5\ARM\ARMCC\Bin
C Compiler:      Armcc.exe V5.06 update 2 (build 183)
Assembler:       Armasm.exe V5.06 update 2 (build 183)
Linker/Locator:  ArmLink.exe V5.06 update 2 (build 183)
Library Manager: ArmAr.exe V5.06 update 2 (build 183)
Hex Converter:   FromElf.exe V5.06 update 2 (build 183)
CPU DLL:         SARMCM3.DLL V5.20
Dialog DLL:      DCM.DLL V1.13.7.0
Target DLL:      STLink\ST-LINKIII-KEIL_SWO.dll V2.0.18.0
Dialog DLL:      TCM.DLL V1.14.9.0
 
<h2>Project:</h2>
c:\Users\ZDJ\Desktop\201205-ADC-TEST\MDK_v5\Printf.uvprojx
Project File Date:  12/05/2020

<h2>Output:</h2>
*** Using Compiler 'V5.06 update 2 (build 183)', folder: 'D:\SDE\Keil\Keil_v5\ARM\ARMCC\Bin'
Build target 'Printf'
compiling main.c...
linking...
Program Size: Code=6860 RO-data=252 RW-data=8 ZI-data=1024  
".\Objects\Template.axf" - 0 Error(s), 0 Warning(s).

<h2>Collection of Component include folders:</h2>
  c:\Users\ZDJ\Desktop\201205-ADC-TEST\MDK_v5\RTE
  D:\SDE\Keil\Keil_v5\ARM\PACK\Keil\AT32F4xx_DFP\1.3.4\Device\Include

<h2>Collection of Component Files used:</h2>
Build Time Elapsed:  00:00:01
</pre>
</body>
</html>
